Archive member included to satisfy reference by file (symbol)

c:/nxp/mcuxpressoide_11.0.1_2563/ide/plugins/com.nxp.mcuxpresso.tools.win32_11.0.1.201907311258/tools/bin/../lib/gcc/arm-none-eabi/8.2.1/../../../../arm-none-eabi/lib/thumb/v6-m/nofp\libcr_semihost_nf.a(_cr__main.o)
                              ./startup/startup_mkl25z4.o (__main)
c:/nxp/mcuxpressoide_11.0.1_2563/ide/plugins/com.nxp.mcuxpresso.tools.win32_11.0.1.201907311258/tools/bin/../lib/gcc/arm-none-eabi/8.2.1/../../../../arm-none-eabi/lib/thumb/v6-m/nofp\libcr_semihost_nf.a(_cr_assert.o)
                              ./drivers/fsl_clock.o (__assertion_failed)
c:/nxp/mcuxpressoide_11.0.1_2563/ide/plugins/com.nxp.mcuxpresso.tools.win32_11.0.1.201907311258/tools/bin/../lib/gcc/arm-none-eabi/8.2.1/../../../../arm-none-eabi/lib/thumb/v6-m/nofp\libcr_semihost_nf.a(__ciob.o)
                              c:/nxp/mcuxpressoide_11.0.1_2563/ide/plugins/com.nxp.mcuxpresso.tools.win32_11.0.1.201907311258/tools/bin/../lib/gcc/arm-none-eabi/8.2.1/../../../../arm-none-eabi/lib/thumb/v6-m/nofp\libcr_semihost_nf.a(_cr_assert.o) (__Ciob)
c:/nxp/mcuxpressoide_11.0.1_2563/ide/plugins/com.nxp.mcuxpresso.tools.win32_11.0.1.201907311258/tools/bin/../lib/gcc/arm-none-eabi/8.2.1/../../../../arm-none-eabi/lib/thumb/v6-m/nofp\libcr_semihost_nf.a(__sys_appexit.o)
                              c:/nxp/mcuxpressoide_11.0.1_2563/ide/plugins/com.nxp.mcuxpresso.tools.win32_11.0.1.201907311258/tools/bin/../lib/gcc/arm-none-eabi/8.2.1/../../../../arm-none-eabi/lib/thumb/v6-m/nofp\libcr_semihost_nf.a(_cr_assert.o) (__sys_appexit)
c:/nxp/mcuxpressoide_11.0.1_2563/ide/plugins/com.nxp.mcuxpresso.tools.win32_11.0.1.201907311258/tools/bin/../lib/gcc/arm-none-eabi/8.2.1/../../../../arm-none-eabi/lib/thumb/v6-m/nofp\libcr_c.a(memcpy.o)
                              ./drivers/fsl_flash.o (memcpy)
c:/nxp/mcuxpressoide_11.0.1_2563/ide/plugins/com.nxp.mcuxpresso.tools.win32_11.0.1.201907311258/tools/bin/../lib/gcc/arm-none-eabi/8.2.1/../../../../arm-none-eabi/lib/thumb/v6-m/nofp\libcr_c.a(memset.o)
                              ./drivers/fsl_flash.o (memset)
c:/nxp/mcuxpressoide_11.0.1_2563/ide/plugins/com.nxp.mcuxpresso.tools.win32_11.0.1.201907311258/tools/bin/../lib/gcc/arm-none-eabi/8.2.1/../../../../arm-none-eabi/lib/thumb/v6-m/nofp\libcr_c.a(_deferredlazyseek.o)
                              c:/nxp/mcuxpressoide_11.0.1_2563/ide/plugins/com.nxp.mcuxpresso.tools.win32_11.0.1.201907311258/tools/bin/../lib/gcc/arm-none-eabi/8.2.1/../../../../arm-none-eabi/lib/thumb/v6-m/nofp\libcr_semihost_nf.a(_cr_assert.o) (__flsbuf)
c:/nxp/mcuxpressoide_11.0.1_2563/ide/plugins/com.nxp.mcuxpresso.tools.win32_11.0.1.201907311258/tools/bin/../lib/gcc/arm-none-eabi/8.2.1/../../../../arm-none-eabi/lib/thumb/v6-m/nofp\libcr_c.a(_fflush.o)
                              c:/nxp/mcuxpressoide_11.0.1_2563/ide/plugins/com.nxp.mcuxpresso.tools.win32_11.0.1.201907311258/tools/bin/../lib/gcc/arm-none-eabi/8.2.1/../../../../arm-none-eabi/lib/thumb/v6-m/nofp\libcr_c.a(_deferredlazyseek.o) (_fflush)
c:/nxp/mcuxpressoide_11.0.1_2563/ide/plugins/com.nxp.mcuxpresso.tools.win32_11.0.1.201907311258/tools/bin/../lib/gcc/arm-none-eabi/8.2.1/../../../../arm-none-eabi/lib/thumb/v6-m/nofp\libcr_c.a(_writebuf.o)
                              c:/nxp/mcuxpressoide_11.0.1_2563/ide/plugins/com.nxp.mcuxpresso.tools.win32_11.0.1.201907311258/tools/bin/../lib/gcc/arm-none-eabi/8.2.1/../../../../arm-none-eabi/lib/thumb/v6-m/nofp\libcr_c.a(_deferredlazyseek.o) (_Cwritebuf)
c:/nxp/mcuxpressoide_11.0.1_2563/ide/plugins/com.nxp.mcuxpresso.tools.win32_11.0.1.201907311258/tools/bin/../lib/gcc/arm-none-eabi/8.2.1/../../../../arm-none-eabi/lib/thumb/v6-m/nofp\libcr_c.a(alloc.o)
                              c:/nxp/mcuxpressoide_11.0.1_2563/ide/plugins/com.nxp.mcuxpresso.tools.win32_11.0.1.201907311258/tools/bin/../lib/gcc/arm-none-eabi/8.2.1/../../../../arm-none-eabi/lib/thumb/v6-m/nofp\libcr_c.a(_deferredlazyseek.o) (_Csys_alloc)
c:/nxp/mcuxpressoide_11.0.1_2563/ide/plugins/com.nxp.mcuxpresso.tools.win32_11.0.1.201907311258/tools/bin/../lib/gcc/arm-none-eabi/8.2.1/../../../../arm-none-eabi/lib/thumb/v6-m/nofp\libcr_c.a(fputs.o)
                              c:/nxp/mcuxpressoide_11.0.1_2563/ide/plugins/com.nxp.mcuxpresso.tools.win32_11.0.1.201907311258/tools/bin/../lib/gcc/arm-none-eabi/8.2.1/../../../../arm-none-eabi/lib/thumb/v6-m/nofp\libcr_semihost_nf.a(_cr_assert.o) (fputs)
c:/nxp/mcuxpressoide_11.0.1_2563/ide/plugins/com.nxp.mcuxpresso.tools.win32_11.0.1.201907311258/tools/bin/../lib/gcc/arm-none-eabi/8.2.1/../../../../arm-none-eabi/lib/thumb/v6-m/nofp\libcr_c.a(fseek.o)
                              c:/nxp/mcuxpressoide_11.0.1_2563/ide/plugins/com.nxp.mcuxpresso.tools.win32_11.0.1.201907311258/tools/bin/../lib/gcc/arm-none-eabi/8.2.1/../../../../arm-none-eabi/lib/thumb/v6-m/nofp\libcr_c.a(_deferredlazyseek.o) (fseek)
[...]
Memory Configuration

Name             Origin             Length             Attributes
PROGRAM_FLASH    0x00000000         0x00020000         xr
SRAM             0x1ffff000         0x00004000         xrw
*default*        0x00000000         0xffffffff

Linker script and memory map

LOAD ./utilities/fsl_debug_console.o
LOAD ./startup/startup_mkl25z4.o
LOAD ./source/lpsci_polling.o
LOAD ./source/mtb.o
LOAD ./source/semihost_hardfault.o
LOAD ./drivers/fsl_clock.o
LOAD ./drivers/fsl_common.o
LOAD ./drivers/fsl_flash.o
LOAD ./drivers/fsl_gpio.o
LOAD ./drivers/fsl_lpsci.o
LOAD ./drivers/fsl_sim.o
LOAD ./drivers/fsl_smc.o
LOAD ./drivers/fsl_uart.o
LOAD ./board/board.o
LOAD ./board/clock_config.o
LOAD ./board/pin_mux.o
LOAD ./CMSIS/system_MKL25Z4.o
START GROUP
LOAD c:/nxp/mcuxpressoide_11.0.1_2563/ide/plugins/com.nxp.mcuxpresso.tools.win32_11.0.1.201907311258/tools/bin/../lib/gcc/arm-none-eabi/8.2.1/../../../../arm-none-eabi/lib/thumb/v6-m/nofp\libcr_semihost_nf.a
LOAD c:/nxp/mcuxpressoide_11.0.1_2563/ide/plugins/com.nxp.mcuxpresso.tools.win32_11.0.1.201907311258/tools/bin/../lib/gcc/arm-none-eabi/8.2.1/../../../../arm-none-eabi/lib/thumb/v6-m/nofp\libcr_c.a
LOAD c:/nxp/mcuxpressoide_11.0.1_2563/ide/plugins/com.nxp.mcuxpresso.tools.win32_11.0.1.201907311258/tools/bin/../lib/gcc/arm-none-eabi/8.2.1/thumb/v6-m/nofp\libcr_eabihelpers.a
LOAD c:/nxp/mcuxpressoide_11.0.1_2563/ide/plugins/com.nxp.mcuxpresso.tools.win32_11.0.1.201907311258/tools/bin/../lib/gcc/arm-none-eabi/8.2.1/thumb/v6-m/nofp\libgcc.a
END GROUP
                0x00000000                __base_PROGRAM_FLASH = 0x0
                0x00000000                __base_Flash = 0x0
                0x00020000                __top_PROGRAM_FLASH = 0x20000
                0x00020000                __top_Flash = 0x20000
                0x1ffff000                __base_SRAM = 0x1ffff000
                0x1ffff000                __base_RAM = 0x1ffff000
                0x20003000                __top_SRAM = 0x20003000
                0x20003000                __top_RAM = 0x20003000

.text           0x00000000     0x25a0
 FILL mask 0xff
                0x00000000                __vectors_start__ = ABSOLUTE (.)
 *(SORT_BY_ALIGNMENT(.isr_vector))
 .isr_vector    0x00000000       0xc0 ./startup/startup_mkl25z4.o
                0x00000000                g_pfnVectors
                0x00000000                __Vectors
                0x000000c0                . = ALIGN (0x4)
                0x000000c0                __section_table_start = .
                0x000000c0                __data_section_table = .
                0x000000c0        0x4 LONG 0x25a0 LOADADDR (.data)
                0x000000c4        0x4 LONG 0x1ffff080 ADDR (.data)
                0x000000c8        0x4 LONG 0x40 SIZEOF (.data)
                0x000000cc                __data_section_table_end = .
                0x000000cc                __bss_section_table = .
                0x000000cc        0x4 LONG 0x1ffff0c0 ADDR (.bss)
                0x000000d0        0x4 LONG 0xe0 SIZEOF (.bss)
                0x000000d4                __bss_section_table_end = .
                0x000000d4                __section_table_end = .
 *(SORT_BY_ALIGNMENT(.after_vectors*))
 .after_vectors.reset
                0x000000d4       0x4c ./startup/startup_mkl25z4.o
                0x000000d4                ResetISR
 .after_vectors.init_data
                0x00000120       0x12 ./startup/startup_mkl25z4.o
                0x00000120                data_init
 .after_vectors.init_bss
                0x00000132       0x10 ./startup/startup_mkl25z4.o
                0x00000132                bss_init
 .after_vectors
                0x00000142      0x10c ./startup/startup_mkl25z4.o
                0x00000142                NMI_Handler
                0x00000146                SVC_Handler
                0x00000148                PendSV_Handler
                0x0000014a                SysTick_Handler
                0x0000014c                LPTMR0_DriverIRQHandler
                0x0000014c                Reserved39_DriverIRQHandler
                0x0000014c                DMA0_DriverIRQHandler
                0x0000014c                SPI1_DriverIRQHandler
                0x0000014c                I2C0_DriverIRQHandler
                0x0000014c                PORTD_DriverIRQHandler
                0x0000014c                DMA2_DriverIRQHandler
                0x0000014c                CMP0_DriverIRQHandler
                0x0000014c                TPM2_DriverIRQHandler
                0x0000014c                ADC0_DriverIRQHandler
                0x0000014c                SPI0_DriverIRQHandler
                0x0000014c                TSI0_DriverIRQHandler
                0x0000014c                RTC_Seconds_DriverIRQHandler
                0x0000014c                I2C1_DriverIRQHandler
                0x0000014c                DMA1_DriverIRQHandler
                0x0000014c                LLWU_DriverIRQHandler
                0x0000014c                MCG_DriverIRQHandler
                0x0000014c                PIT_DriverIRQHandler
                0x0000014c                RTC_DriverIRQHandler
                0x0000014c                TPM1_DriverIRQHandler
                0x0000014c                FTFA_DriverIRQHandler
                0x0000014c                IntDefaultHandler
                0x0000014c                USB0_DriverIRQHandler
                0x0000014c                DAC0_DriverIRQHandler
                0x0000014c                PORTA_DriverIRQHandler
                0x0000014c                LVD_LVW_DriverIRQHandler
                0x0000014c                TPM0_DriverIRQHandler
                0x0000014c                Reserved45_DriverIRQHandler
                0x0000014c                DMA3_DriverIRQHandler
                0x0000014c                Reserved20_DriverIRQHandler
                0x0000014e                DMA0_IRQHandler
                0x00000156                DMA1_IRQHandler
                0x0000015e                DMA2_IRQHandler
                0x00000166                DMA3_IRQHandler
                0x0000016e                Reserved20_IRQHandler
                0x00000176                FTFA_IRQHandler
                0x0000017e                LVD_LVW_IRQHandler
                0x00000186                LLWU_IRQHandler
                0x0000018e                I2C0_IRQHandler
                0x00000196                I2C1_IRQHandler
                0x0000019e                SPI0_IRQHandler
                0x000001a6                SPI1_IRQHandler
                0x000001ae                UART0_IRQHandler
                0x000001b6                UART1_IRQHandler
                0x000001be                UART2_IRQHandler
                0x000001c6                ADC0_IRQHandler
                0x000001ce                CMP0_IRQHandler
                0x000001d6                TPM0_IRQHandler
                0x000001de                TPM1_IRQHandler
                0x000001e6                TPM2_IRQHandler
                0x000001ee                RTC_IRQHandler
                0x000001f6                RTC_Seconds_IRQHandler
                0x000001fe                PIT_IRQHandler
                0x00000206                Reserved39_IRQHandler
                0x0000020e                USB0_IRQHandler
                0x00000216                DAC0_IRQHandler
                0x0000021e                TSI0_IRQHandler
                0x00000226                MCG_IRQHandler
                0x0000022e                LPTMR0_IRQHandler
                0x00000236                Reserved45_IRQHandler
                0x0000023e                PORTA_IRQHandler
                0x00000246                PORTD_IRQHandler
                0x00000400                . = 0x400
 *fill*         0x0000024e      0x1b2 ff
                0x00000400                PROVIDE (__FLASH_CONFIG_START__ = .)
 *(SORT_BY_ALIGNMENT(.FlashConfig))
 .FlashConfig   0x00000400       0x10 ./startup/startup_mkl25z4.o
                0x00000400                Flash_Config
                0x00000410                PROVIDE (__FLASH_CONFIG_END__ = .)
                0x00000001                ASSERT (! ((__FLASH_CONFIG_START__ == __FLASH_CONFIG_END__)), Linker Flash Config Support Enabled, but no .FlashConfig section provided within application)
 *(SORT_BY_ALIGNMENT(.text*))
 .text.CLOCK_SetLpsci0Clock
                0x00000410       0x38 ./source/lpsci_polling.o
 .text.main     0x00000448       0x88 ./source/lpsci_polling.o
                0x00000448                main
 .text.HardFault_Handler
                0x000004d0       0x30 ./source/semihost_hardfault.o
                0x000004d0                HardFault_Handler
 .text.CLOCK_SetEr32kClock
                0x00000500       0x34 ./drivers/fsl_clock.o
 .text.CLOCK_SetPllFllSelClock
                0x00000534       0x38 ./drivers/fsl_clock.o
 .text.CLOCK_GetMcgExtClkFreq
                0x0000056c       0x28 ./drivers/fsl_clock.o
 .text.CLOCK_GetFllExtRefClkFreq
                0x00000594       0xa4 ./drivers/fsl_clock.o
 .text.CLOCK_GetInternalRefClkSelectFreq
                0x00000638       0x40 ./drivers/fsl_clock.o
 .text.CLOCK_GetFllRefClkFreq
                0x00000678       0x2c ./drivers/fsl_clock.o
 .text.CLOCK_GetOscRangeFromFreq
                0x000006a4       0x4c ./drivers/fsl_clock.o
 .text.CLOCK_GetOsc0ErClkFreq
                0x000006f0       0x3c ./drivers/fsl_clock.o
                0x000006f0                CLOCK_GetOsc0ErClkFreq
 .text.CLOCK_GetEr32kClkFreq
                0x0000072c       0x74 ./drivers/fsl_clock.o
                0x0000072c                CLOCK_GetEr32kClkFreq
 .text.CLOCK_GetPllFllSelClkFreq
                0x000007a0       0x4c ./drivers/fsl_clock.o
                0x000007a0                CLOCK_GetPllFllSelClkFreq
 .text.CLOCK_GetFreq
                0x000007ec       0xe0 ./drivers/fsl_clock.o
                0x000007ec                CLOCK_GetFreq
 .text.CLOCK_SetSimConfig
                0x000008cc       0x38 ./drivers/fsl_clock.o
                0x000008cc                CLOCK_SetSimConfig
 .text.CLOCK_GetOutClkFreq
                0x00000904       0x68 ./drivers/fsl_clock.o
                0x00000904                CLOCK_GetOutClkFreq
 .text.CLOCK_GetFllFreq
                0x0000096c       0x84 ./drivers/fsl_clock.o
                0x0000096c                CLOCK_GetFllFreq
 .text.CLOCK_GetInternalRefClkFreq
                0x000009f0       0x28 ./drivers/fsl_clock.o
                0x000009f0                CLOCK_GetInternalRefClkFreq
 .text.CLOCK_GetPll0Freq
                0x00000a18       0x70 ./drivers/fsl_clock.o
                0x00000a18                CLOCK_GetPll0Freq
 .text.CLOCK_SetInternalRefClkConfig
                0x00000a88      0x124 ./drivers/fsl_clock.o
                0x00000a88                CLOCK_SetInternalRefClkConfig
 .text.CLOCK_EnablePll0
                0x00000bac       0x90 ./drivers/fsl_clock.o
                0x00000bac                CLOCK_EnablePll0
 .text.CLOCK_InitOsc0
                0x00000c3c       0x94 ./drivers/fsl_clock.o
                0x00000c3c                CLOCK_InitOsc0
 .text.CLOCK_SetPbeMode
                0x00000cd0       0xb0 ./drivers/fsl_clock.o
                0x00000cd0                CLOCK_SetPbeMode
 .text.CLOCK_BootToPeeMode
                0x00000d80       0x70 ./drivers/fsl_clock.o
                0x00000d80                CLOCK_BootToPeeMode
 .text.CLOCK_EnableClock
                0x00000df0       0x34 ./drivers/fsl_lpsci.o
 .text.LPSCI_GetInstance
                0x00000e24       0x48 ./drivers/fsl_lpsci.o
                0x00000e24                LPSCI_GetInstance
 .text.LPSCI_Init
                0x00000e6c      0x258 ./drivers/fsl_lpsci.o
                0x00000e6c                LPSCI_Init
 .text.LPSCI_GetDefaultConfig
                0x000010c4       0x44 ./drivers/fsl_lpsci.o
                0x000010c4                LPSCI_GetDefaultConfig
 .text.LPSCI_ClearStatusFlags
                0x00001108       0x94 ./drivers/fsl_lpsci.o
                0x00001108                LPSCI_ClearStatusFlags
 .text.LPSCI_WriteBlocking
                0x0000119c       0x4c ./drivers/fsl_lpsci.o
                0x0000119c                LPSCI_WriteBlocking
 .text.LPSCI_ReadBlocking
                0x000011e8       0xc0 ./drivers/fsl_lpsci.o
                0x000011e8                LPSCI_ReadBlocking
 .text.UART0_DriverIRQHandler
                0x000012a8       0x24 ./drivers/fsl_lpsci.o
                0x000012a8                UART0_DriverIRQHandler
 .text.UART1_DriverIRQHandler
                0x000012cc       0x24 ./drivers/fsl_uart.o
                0x000012cc                UART1_DriverIRQHandler
 .text.UART2_DriverIRQHandler
                0x000012f0       0x24 ./drivers/fsl_uart.o
                0x000012f0                UART2_DriverIRQHandler
 .text.CLOCK_SetSimSafeDivs
                0x00001314       0x20 ./board/clock_config.o
 .text.CLOCK_SetXtal0Freq
                0x00001334       0x1c ./board/clock_config.o
 .text.CLOCK_CONFIG_SetFllExtRefDiv
                0x00001350       0x3c ./board/clock_config.o
 .text.BOARD_BootClockRUN
                0x0000138c       0x64 ./board/clock_config.o
                0x0000138c                BOARD_BootClockRUN
 .text.CLOCK_EnableClock
                0x000013f0       0x34 ./board/pin_mux.o
 .text.PORT_SetPinMux
                0x00001424       0x40 ./board/pin_mux.o
 .text.BOARD_InitPins
                0x00001464       0x4c ./board/pin_mux.o
                0x00001464                BOARD_InitPins
 .text.SystemInit
                0x000014b0       0x18 ./CMSIS/system_MKL25Z4.o
                0x000014b0                SystemInit
 .text.__assertion_failed
                0x000014c8       0x4c c:/nxp/mcuxpressoide_11.0.1_2563/ide/plugins/com.nxp.mcuxpresso.tools.win32_11.0.1.201907311258/tools/bin/../lib/gcc/arm-none-eabi/8.2.1/../../../../arm-none-eabi/lib/thumb/v6-m/nofp\libcr_semihost_nf.a(_cr_assert.o)
                0x000014c8                __assertion_failed
 .text.__sys_appexit
                0x00001514        0xc c:/nxp/mcuxpressoide_11.0.1_2563/ide/plugins/com.nxp.mcuxpresso.tools.win32_11.0.1.201907311258/tools/bin/../lib/gcc/arm-none-eabi/8.2.1/../../../../arm-none-eabi/lib/thumb/v6-m/nofp\libcr_semihost_nf.a(__sys_appexit.o)
                0x00001514                __sys_appexit
                0x00001514                __exit
 .text._deferredlazyseek
                0x00001520       0x40 c:/nxp/mcuxpressoide_11.0.1_2563/ide/plugins/com.nxp.mcuxpresso.tools.win32_11.0.1.201907311258/tools/bin/../lib/gcc/arm-none-eabi/8.2.1/../../../../arm-none-eabi/lib/thumb/v6-m/nofp\libcr_c.a(_deferredlazyseek.o)
                0x00001520                _deferredlazyseek
 .text.__flsbuf
                0x00001560      0x14c c:/nxp/mcuxpressoide_11.0.1_2563/ide/plugins/com.nxp.mcuxpresso.tools.win32_11.0.1.201907311258/tools/bin/../lib/gcc/arm-none-eabi/8.2.1/../../../../arm-none-eabi/lib/thumb/v6-m/nofp\libcr_c.a(_deferredlazyseek.o)
                0x00001560                __flsbuf
 .text._fflush  0x000016ac       0x5c c:/nxp/mcuxpressoide_11.0.1_2563/ide/plugins/com.nxp.mcuxpresso.tools.win32_11.0.1.201907311258/tools/bin/../lib/gcc/arm-none-eabi/8.2.1/../../../../arm-none-eabi/lib/thumb/v6-m/nofp\libcr_c.a(_fflush.o)
                0x000016ac                _fflush
 .text._Cwritebuf
                0x00001708       0x68 c:/nxp/mcuxpressoide_11.0.1_2563/ide/plugins/com.nxp.mcuxpresso.tools.win32_11.0.1.201907311258/tools/bin/../lib/gcc/arm-none-eabi/8.2.1/../../../../arm-none-eabi/lib/thumb/v6-m/nofp\libcr_c.a(_writebuf.o)
                0x00001708                _Cwritebuf
 .text.malloc   0x00001770       0xcc c:/nxp/mcuxpressoide_11.0.1_2563/ide/plugins/com.nxp.mcuxpresso.tools.win32_11.0.1.201907311258/tools/bin/../lib/gcc/arm-none-eabi/8.2.1/../../../../arm-none-eabi/lib/thumb/v6-m/nofp\libcr_c.a(alloc.o)
                0x00001770                malloc
 .text._Csys_alloc
                0x0000183c       0x20 c:/nxp/mcuxpressoide_11.0.1_2563/ide/plugins/com.nxp.mcuxpresso.tools.win32_11.0.1.201907311258/tools/bin/../lib/gcc/arm-none-eabi/8.2.1/../../../../arm-none-eabi/lib/thumb/v6-m/nofp\libcr_c.a(alloc.o)
                0x0000183c                _Csys_alloc
 .text.fseek    0x0000185c       0xf0 c:/nxp/mcuxpressoide_11.0.1_2563/ide/plugins/com.nxp.mcuxpresso.tools.win32_11.0.1.201907311258/tools/bin/../lib/gcc/arm-none-eabi/8.2.1/../../../../arm-none-eabi/lib/thumb/v6-m/nofp\libcr_c.a(fseek.o)
                0x0000185c                fseek
 .text.ftell    0x0000194c       0x48 c:/nxp/mcuxpressoide_11.0.1_2563/ide/plugins/com.nxp.mcuxpresso.tools.win32_11.0.1.201907311258/tools/bin/../lib/gcc/arm-none-eabi/8.2.1/../../../../arm-none-eabi/lib/thumb/v6-m/nofp\libcr_c.a(ftell.o)
                0x0000194c                ftell
 .text._initio  0x00001994       0x7c c:/nxp/mcuxpressoide_11.0.1_2563/ide/plugins/com.nxp.mcuxpresso.tools.win32_11.0.1.201907311258/tools/bin/../lib/gcc/arm-none-eabi/8.2.1/../../../../arm-none-eabi/lib/thumb/v6-m/nofp\libcr_c.a(initio.o)
                0x00001994                _initio
 .text.setvbuf  0x00001a10       0x4c c:/nxp/mcuxpressoide_11.0.1_2563/ide/plugins/com.nxp.mcuxpresso.tools.win32_11.0.1.201907311258/tools/bin/../lib/gcc/arm-none-eabi/8.2.1/../../../../arm-none-eabi/lib/thumb/v6-m/nofp\libcr_c.a(setvbuf.o)
                0x00001a10                setvbuf
 .text._sbrk    0x00001a5c       0x40 c:/nxp/mcuxpressoide_11.0.1_2563/ide/plugins/com.nxp.mcuxpresso.tools.win32_11.0.1.201907311258/tools/bin/../lib/gcc/arm-none-eabi/8.2.1/../../../../arm-none-eabi/lib/thumb/v6-m/nofp\libcr_c.a(_cr_sbrk.o)
                0x00001a5c                _sbrk
 .text._fdopen  0x00001a9c       0x74 c:/nxp/mcuxpressoide_11.0.1_2563/ide/plugins/com.nxp.mcuxpresso.tools.win32_11.0.1.201907311258/tools/bin/../lib/gcc/arm-none-eabi/8.2.1/../../../../arm-none-eabi/lib/thumb/v6-m/nofp\libcr_c.a(_fdopen.o)
                0x00001a9c                _fdopen
 .text.fclose   0x00001b10       0x5c c:/nxp/mcuxpressoide_11.0.1_2563/ide/plugins/com.nxp.mcuxpresso.tools.win32_11.0.1.201907311258/tools/bin/../lib/gcc/arm-none-eabi/8.2.1/../../../../arm-none-eabi/lib/thumb/v6-m/nofp\libcr_c.a(fclose.o)
                0x00001b10                fclose
 .text.fflush   0x00001b6c       0x44 c:/nxp/mcuxpressoide_11.0.1_2563/ide/plugins/com.nxp.mcuxpresso.tools.win32_11.0.1.201907311258/tools/bin/../lib/gcc/arm-none-eabi/8.2.1/../../../../arm-none-eabi/lib/thumb/v6-m/nofp\libcr_c.a(fflush.o)
                0x00001b6c                fflush
 .text.strlen   0x00001bb0       0x58 c:/nxp/mcuxpressoide_11.0.1_2563/ide/plugins/com.nxp.mcuxpresso.tools.win32_11.0.1.201907311258/tools/bin/../lib/gcc/arm-none-eabi/8.2.1/../../../../arm-none-eabi/lib/thumb/v6-m/nofp\libcr_c.a(strlen.o)
                0x00001bb0                strlen
 .text.__check_heap_overflow
                0x00001c08       0x14 c:/nxp/mcuxpressoide_11.0.1_2563/ide/plugins/com.nxp.mcuxpresso.tools.win32_11.0.1.201907311258/tools/bin/../lib/gcc/arm-none-eabi/8.2.1/../../../../arm-none-eabi/lib/thumb/v6-m/nofp\libcr_c.a(_cr_check_heap.o)
                0x00001c08                __check_heap_overflow
 .text._do_fflush
                0x00001c1c       0x44 c:/nxp/mcuxpressoide_11.0.1_2563/ide/plugins/com.nxp.mcuxpresso.tools.win32_11.0.1.201907311258/tools/bin/../lib/gcc/arm-none-eabi/8.2.1/../../../../arm-none-eabi/lib/thumb/v6-m/nofp\libcr_c.a(_do_fflush.o)
                0x00001c1c                _do_fflush
 .text.LPSCI_EnableTx
                0x00001c60       0x40 ./source/lpsci_polling.o
 .text.LPSCI_EnableRx
                0x00001ca0       0x40 ./source/lpsci_polling.o
 .text.OSC_SetExtRefClkConfig
                0x00001ce0       0x3e ./drivers/fsl_clock.o
 .text.OSC_SetCapLoad
                0x00001d1e       0x42 ./drivers/fsl_clock.o
 .text.CLOCK_GetPll0RefFreq
                0x00001d60       0x10 ./drivers/fsl_clock.o
 .text.CLOCK_GetFixedFreqClkFreq
                0x00001d70       0x30 ./drivers/fsl_clock.o
                0x00001d70                CLOCK_GetFixedFreqClkFreq
 .text.CLOCK_SetExternalRefClkConfig
                0x00001da0       0x16 ./drivers/fsl_clock.o
                0x00001da0                CLOCK_SetExternalRefClkConfig
 .text.LPSCI_GetStatusFlags
                0x00001db6       0x26 ./drivers/fsl_lpsci.o
                0x00001db6                LPSCI_GetStatusFlags
 .text.__main   0x00001ddc        0xc c:/nxp/mcuxpressoide_11.0.1_2563/ide/plugins/com.nxp.mcuxpresso.tools.win32_11.0.1.201907311258/tools/bin/../lib/gcc/arm-none-eabi/8.2.1/../../../../arm-none-eabi/lib/thumb/v6-m/nofp\libcr_semihost_nf.a(_cr__main.o)
                0x00001ddc                __CR_SEMIHOST
                0x00001ddc                __main
 .text.memset   0x00001de8        0x8 c:/nxp/mcuxpressoide_11.0.1_2563/ide/plugins/com.nxp.mcuxpresso.tools.win32_11.0.1.201907311258/tools/bin/../lib/gcc/arm-none-eabi/8.2.1/../../../../arm-none-eabi/lib/thumb/v6-m/nofp\libcr_c.a(memset.o)
                0x00001de8                memset
 .text.free     0x00001df0       0x2c c:/nxp/mcuxpressoide_11.0.1_2563/ide/plugins/com.nxp.mcuxpresso.tools.win32_11.0.1.201907311258/tools/bin/../lib/gcc/arm-none-eabi/8.2.1/../../../../arm-none-eabi/lib/thumb/v6-m/nofp\libcr_c.a(alloc.o)
                0x00001df0                free
 .text.fputs    0x00001e1c       0x2e c:/nxp/mcuxpressoide_11.0.1_2563/ide/plugins/com.nxp.mcuxpresso.tools.win32_11.0.1.201907311258/tools/bin/../lib/gcc/arm-none-eabi/8.2.1/../../../../arm-none-eabi/lib/thumb/v6-m/nofp\libcr_c.a(fputs.o)
                0x00001e1c                fputs
 .text.remove   0x00001e4a       0x12 c:/nxp/mcuxpressoide_11.0.1_2563/ide/plugins/com.nxp.mcuxpresso.tools.win32_11.0.1.201907311258/tools/bin/../lib/gcc/arm-none-eabi/8.2.1/../../../../arm-none-eabi/lib/thumb/v6-m/nofp\libcr_c.a(remove.o)
                0x00001e4a                remove
 .text.__aeabi_division_idivmod
                0x00001e5c       0x78 c:/nxp/mcuxpressoide_11.0.1_2563/ide/plugins/com.nxp.mcuxpresso.tools.win32_11.0.1.201907311258/tools/bin/../lib/gcc/arm-none-eabi/8.2.1/thumb/v6-m/nofp\libcr_eabihelpers.a(division_32.o)
                0x00001e5c                __aeabi_idivmod
                0x00001e5c                __aeabi_idiv
                0x00001e62                __aeabi_uidivmod
                0x00001e62                __aeabi_uidiv
 .text.__aeabi_division_idiv0
                0x00001ed4        0x2 c:/nxp/mcuxpressoide_11.0.1_2563/ide/plugins/com.nxp.mcuxpresso.tools.win32_11.0.1.201907311258/tools/bin/../lib/gcc/arm-none-eabi/8.2.1/thumb/v6-m/nofp\libcr_eabihelpers.a(division_idiv0.o)
                0x00001ed4                __aeabi_idiv0
 .text.__aeabi_memset_lowlevel
                0x00001ed6       0x2a c:/nxp/mcuxpressoide_11.0.1_2563/ide/plugins/com.nxp.mcuxpresso.tools.win32_11.0.1.201907311258/tools/bin/../lib/gcc/arm-none-eabi/8.2.1/thumb/v6-m/nofp\libcr_eabihelpers.a(memcpy.o)
                0x00001ed6                __aeabi_lowlevel_memset
 .text.__sys_close
                0x00001f00        0xc c:/nxp/mcuxpressoide_11.0.1_2563/ide/plugins/com.nxp.mcuxpresso.tools.win32_11.0.1.201907311258/tools/bin/../lib/gcc/arm-none-eabi/8.2.1/../../../../arm-none-eabi/lib/thumb/v6-m/nofp\libcr_semihost_nf.a(__sys_close.o)
                0x00001f00                __sys_close
 .text.__sys_flen
                0x00001f0c        0xc c:/nxp/mcuxpressoide_11.0.1_2563/ide/plugins/com.nxp.mcuxpresso.tools.win32_11.0.1.201907311258/tools/bin/../lib/gcc/arm-none-eabi/8.2.1/../../../../arm-none-eabi/lib/thumb/v6-m/nofp\libcr_semihost_nf.a(__sys_flen.o)
                0x00001f0c                __sys_flen
 .text.__sys_istty
                0x00001f18        0xc c:/nxp/mcuxpressoide_11.0.1_2563/ide/plugins/com.nxp.mcuxpresso.tools.win32_11.0.1.201907311258/tools/bin/../lib/gcc/arm-none-eabi/8.2.1/../../../../arm-none-eabi/lib/thumb/v6-m/nofp\libcr_semihost_nf.a(__sys_istty.o)
                0x00001f18                __sys_istty
 .text.__sys_remove
                0x00001f24        0xc c:/nxp/mcuxpressoide_11.0.1_2563/ide/plugins/com.nxp.mcuxpresso.tools.win32_11.0.1.201907311258/tools/bin/../lib/gcc/arm-none-eabi/8.2.1/../../../../arm-none-eabi/lib/thumb/v6-m/nofp\libcr_semihost_nf.a(__sys_remove.o)
                0x00001f24                __sys_remove
 .text.__sys_seek
                0x00001f30        0xc c:/nxp/mcuxpressoide_11.0.1_2563/ide/plugins/com.nxp.mcuxpresso.tools.win32_11.0.1.201907311258/tools/bin/../lib/gcc/arm-none-eabi/8.2.1/../../../../arm-none-eabi/lib/thumb/v6-m/nofp\libcr_semihost_nf.a(__sys_seek.o)
                0x00001f30                __sys_seek
 .text.__sys_tmpnam
                0x00001f3c        0xc c:/nxp/mcuxpressoide_11.0.1_2563/ide/plugins/com.nxp.mcuxpresso.tools.win32_11.0.1.201907311258/tools/bin/../lib/gcc/arm-none-eabi/8.2.1/../../../../arm-none-eabi/lib/thumb/v6-m/nofp\libcr_semihost_nf.a(__sys_tmpnam.o)
                0x00001f3c                __sys_tmpnam
 .text.__sys_write
                0x00001f48        0xc c:/nxp/mcuxpressoide_11.0.1_2563/ide/plugins/com.nxp.mcuxpresso.tools.win32_11.0.1.201907311258/tools/bin/../lib/gcc/arm-none-eabi/8.2.1/../../../../arm-none-eabi/lib/thumb/v6-m/nofp\libcr_semihost_nf.a(__sys_write.o)
                0x00001f48                __sys_write
 *(SORT_BY_ALIGNMENT(.rodata) SORT_BY_ALIGNMENT(.rodata.*) SORT_BY_ALIGNMENT(.constdata) SORT_BY_ALIGNMENT(.constdata.*))
 .rodata        0x00001f54        0x4 ./source/lpsci_polling.o
 .rodata        0x00001f58      0x11d ./drivers/fsl_clock.o
 *fill*         0x00002075        0x3 ff
 .rodata.CLOCK_GetFreq
                0x00002078       0x38 ./drivers/fsl_clock.o
 .rodata.fllFactorTable.5230
                0x000020b0       0x10 ./drivers/fsl_clock.o
 .rodata        0x000020c0      0x48c ./drivers/fsl_lpsci.o
 .rodata.mcgConfig_BOARD_BootClockRUN
                0x0000254c        0xa ./board/clock_config.o
                0x0000254c                mcgConfig_BOARD_BootClockRUN
 *fill*         0x00002556        0x2 ff
 .rodata.simConfig_BOARD_BootClockRUN
                0x00002558        0x8 ./board/clock_config.o
                0x00002558                simConfig_BOARD_BootClockRUN
 .rodata.oscConfig_BOARD_BootClockRUN
                0x00002560        0x8 ./board/clock_config.o
                0x00002560                oscConfig_BOARD_BootClockRUN
 .rodata.__num_Ciob_streams
                0x00002568        0x4 c:/nxp/mcuxpressoide_11.0.1_2563/ide/plugins/com.nxp.mcuxpresso.tools.win32_11.0.1.201907311258/tools/bin/../lib/gcc/arm-none-eabi/8.2.1/../../../../arm-none-eabi/lib/thumb/v6-m/nofp\libcr_semihost_nf.a(__ciob.o)
                0x00002568                __num_Ciob_streams
 .rodata.__assertion_failed.str1.1
                0x0000256c       0x15 c:/nxp/mcuxpressoide_11.0.1_2563/ide/plugins/com.nxp.mcuxpresso.tools.win32_11.0.1.201907311258/tools/bin/../lib/gcc/arm-none-eabi/8.2.1/../../../../arm-none-eabi/lib/thumb/v6-m/nofp\libcr_semihost_nf.a(_cr_assert.o)
 .rodata._Csys_alloc.str1.1
                0x00002581       0x18 c:/nxp/mcuxpressoide_11.0.1_2563/ide/plugins/com.nxp.mcuxpresso.tools.win32_11.0.1.201907311258/tools/bin/../lib/gcc/arm-none-eabi/8.2.1/../../../../arm-none-eabi/lib/thumb/v6-m/nofp\libcr_c.a(alloc.o)
 .rodata._initio.str1.1
                0x00002599        0x4 c:/nxp/mcuxpressoide_11.0.1_2563/ide/plugins/com.nxp.mcuxpresso.tools.win32_11.0.1.201907311258/tools/bin/../lib/gcc/arm-none-eabi/8.2.1/../../../../arm-none-eabi/lib/thumb/v6-m/nofp\libcr_c.a(initio.o)
                0x000025a0                . = ALIGN (0x4)
 *fill*         0x0000259d        0x3 ff

.glue_7         0x000025a0        0x0
 .glue_7        0x000025a0        0x0 linker stubs

.glue_7t        0x000025a0        0x0
 .glue_7t       0x000025a0        0x0 linker stubs

.vfp11_veneer   0x000025a0        0x0
 .vfp11_veneer  0x000025a0        0x0 linker stubs

.v4_bx          0x000025a0        0x0
 .v4_bx         0x000025a0        0x0 linker stubs

.iplt           0x000025a0        0x0
 .iplt          0x000025a0        0x0 ./startup/startup_mkl25z4.o

.rel.dyn        0x000025a0        0x0
 .rel.iplt      0x000025a0        0x0 ./startup/startup_mkl25z4.o

.ARM.extab
 *(SORT_BY_ALIGNMENT(.ARM.extab*) SORT_BY_ALIGNMENT(.gnu.linkonce.armextab.*))
                0x000025a0                __exidx_start = .

.ARM.exidx
 *(SORT_BY_ALIGNMENT(.ARM.exidx*) SORT_BY_ALIGNMENT(.gnu.linkonce.armexidx.*))
                0x000025a0                __exidx_end = .
                0x000025a0                _etext = .

.m_usb_data
 *(SORT_BY_ALIGNMENT(m_usb_bdt))

.mtb_buffer_default
                0x1ffff000       0x80
 *(SORT_BY_ALIGNMENT(.mtb*))
 .mtb.$RAM1     0x1ffff000       0x80 ./source/mtb.o
                0x1ffff000                __mtb_buffer__

.uninit_RESERVED
                0x1ffff080        0x0
                0x1ffff080                . = ALIGN (0x4)
 *(SORT_BY_ALIGNMENT(.bss.$RESERVED*))
                0x1ffff080                . = ALIGN (0x4)
                0x1ffff080                _end_uninit_RESERVED = .

.data           0x1ffff080       0x40 load address 0x000025a0
 FILL mask 0xff
                0x1ffff080                _data = .
 *(SORT_BY_ALIGNMENT(vtable))
 *(SORT_BY_ALIGNMENT(.ramfunc*))
 *(SORT_BY_ALIGNMENT(CodeQuickAccess))
 *(SORT_BY_ALIGNMENT(DataQuickAccess))
 *(SORT_BY_ALIGNMENT(RamFunction))
 *(SORT_BY_ALIGNMENT(.data*))
 .data.txbuff   0x1ffff080       0x31 ./source/lpsci_polling.o
                0x1ffff080                txbuff
 *fill*         0x1ffff0b1        0x3 ff
 .data.s_slowIrcFreq
                0x1ffff0b4        0x4 ./drivers/fsl_clock.o
 .data.s_fastIrcFreq
                0x1ffff0b8        0x4 ./drivers/fsl_clock.o
 .data.SystemCoreClock
                0x1ffff0bc        0x4 ./CMSIS/system_MKL25Z4.o
                0x1ffff0bc                SystemCoreClock
                0x1ffff0c0                . = ALIGN (0x4)
                0x1ffff0c0                _edata = .

.igot.plt       0x1ffff0c0        0x0 load address 0x000025e0
 .igot.plt      0x1ffff0c0        0x0 ./startup/startup_mkl25z4.o

.bss            0x1ffff0c0       0xe0 load address 0x000025e0
                0x1ffff0c0                . = ALIGN (0x4)
                0x1ffff0c0                _bss = .
 *(SORT_BY_ALIGNMENT(.bss*))
 .bss.g_xtal0Freq
                0x1ffff0c0        0x4 ./drivers/fsl_clock.o
                0x1ffff0c0                g_xtal0Freq
 .bss.g_xtal32Freq
                0x1ffff0c4        0x4 ./drivers/fsl_clock.o
                0x1ffff0c4                g_xtal32Freq
 .bss.s_lpsciHandle
                0x1ffff0c8        0x4 ./drivers/fsl_lpsci.o
 .bss.s_lpsciIsr
                0x1ffff0cc        0x4 ./drivers/fsl_lpsci.o
 .bss.s_uartHandle
                0x1ffff0d0        0xc ./drivers/fsl_uart.o
 .bss.s_uartIsr
                0x1ffff0dc        0x4 ./drivers/fsl_uart.o
 .bss.__Ciob    0x1ffff0e0       0xb4 c:/nxp/mcuxpressoide_11.0.1_2563/ide/plugins/com.nxp.mcuxpresso.tools.win32_11.0.1.201907311258/tools/bin/../lib/gcc/arm-none-eabi/8.2.1/../../../../arm-none-eabi/lib/thumb/v6-m/nofp\libcr_semihost_nf.a(__ciob.o)
                0x1ffff0e0                __Ciob
 .bss.__end_of_heap
                0x1ffff194        0x4 c:/nxp/mcuxpressoide_11.0.1_2563/ide/plugins/com.nxp.mcuxpresso.tools.win32_11.0.1.201907311258/tools/bin/../lib/gcc/arm-none-eabi/8.2.1/../../../../arm-none-eabi/lib/thumb/v6-m/nofp\libcr_c.a(__init_alloc.o)
                0x1ffff194                __end_of_heap
 .bss.__heaps   0x1ffff198        0x4 c:/nxp/mcuxpressoide_11.0.1_2563/ide/plugins/com.nxp.mcuxpresso.tools.win32_11.0.1.201907311258/tools/bin/../lib/gcc/arm-none-eabi/8.2.1/../../../../arm-none-eabi/lib/thumb/v6-m/nofp\libcr_c.a(__init_alloc.o)
                0x1ffff198                __heaps
 .bss.errno     0x1ffff19c        0x4 c:/nxp/mcuxpressoide_11.0.1_2563/ide/plugins/com.nxp.mcuxpresso.tools.win32_11.0.1.201907311258/tools/bin/../lib/gcc/arm-none-eabi/8.2.1/../../../../arm-none-eabi/lib/thumb/v6-m/nofp\libcr_c.a(errno.o)
                0x1ffff19c                errno
 *(SORT_BY_ALIGNMENT(COMMON))
                0x1ffff1a0                . = ALIGN (0x4)
                0x1ffff1a0                _ebss = .
                [!provide]                PROVIDE (end = .)

.noinit         0x1ffff1a0        0x0 load address 0x000025e0
                0x1ffff1a0                . = ALIGN (0x4)
                0x1ffff1a0                _noinit = .
 *(SORT_BY_ALIGNMENT(.noinit*))
                0x1ffff1a0                . = ALIGN (0x4)
                0x1ffff1a0                _end_noinit = .
                0x00000400                _HeapSize = 0x400

.heap           0x1ffff1a0      0x400 load address 0x000025e0
                0x1ffff1a0                _pvHeapStart = .
                0x1ffff5a0                . = (. + _HeapSize)
 *fill*         0x1ffff1a0      0x400 
                0x1ffff5a0                . = ALIGN (0x4)
                0x1ffff5a0                _pvHeapLimit = .
                0x00000400                _StackSize = 0x400

.heap2stackfill
                0x1ffff5a0      0x400 load address 0x000025e0
                0x1ffff9a0                . = (. + _StackSize)
 *fill*         0x1ffff5a0      0x400 

.stack          0x20002c00        0x0
                0x20002c00                _vStackBase = .
                0x20002c00                . = ALIGN (0x4)
                0x20003000                _vStackTop = (. + _StackSize)
                0x00000000                _image_start = LOADADDR (.text)
                0x000025e0                _image_end = (LOADADDR (.data) + SIZEOF (.data))
                0x000025e0                _image_size = (_image_end - _image_start)
OUTPUT(polling_driver_examples_lpsci_polling.axf elf32-littlearm)

.debug_info     0x00000000     0x6876
 .debug_info    0x00000000      0x4db ./startup/startup_mkl25z4.o
 .debug_info    0x000004db      0xb6a ./source/lpsci_polling.o
 .debug_info    0x00001045       0x4f ./source/mtb.o
 .debug_info    0x00001094       0x38 ./source/semihost_hardfault.o
 .debug_info    0x000010cc     0x1a93 ./drivers/fsl_clock.o
 .debug_info    0x00002b5f     0x1465 ./drivers/fsl_lpsci.o
 .debug_info    0x00003fc4     0x1406 ./drivers/fsl_uart.o
 .debug_info    0x000053ca      0xaea ./board/clock_config.o
 .debug_info    0x00005eb4      0x58d ./board/pin_mux.o
 .debug_info    0x00006441      0x435 ./CMSIS/system_MKL25Z4.o

.debug_abbrev   0x00000000     0x12bf
 .debug_abbrev  0x00000000      0x18a ./startup/startup_mkl25z4.o
 .debug_abbrev  0x0000018a      0x20a ./source/lpsci_polling.o
 .debug_abbrev  0x00000394       0x43 ./source/mtb.o
 .debug_abbrev  0x000003d7       0x2e ./source/semihost_hardfault.o
 .debug_abbrev  0x00000405      0x36c ./drivers/fsl_clock.o
 .debug_abbrev  0x00000771      0x306 ./drivers/fsl_lpsci.o
 .debug_abbrev  0x00000a77      0x320 ./drivers/fsl_uart.o
 .debug_abbrev  0x00000d97      0x21d ./board/clock_config.o
 .debug_abbrev  0x00000fb4      0x1b8 ./board/pin_mux.o
 .debug_abbrev  0x0000116c      0x153 ./CMSIS/system_MKL25Z4.o

.debug_aranges  0x00000000      0x698
 .debug_aranges
                0x00000000      0x160 ./startup/startup_mkl25z4.o
 .debug_aranges
                0x00000160       0x38 ./source/lpsci_polling.o
 .debug_aranges
                0x00000198       0x18 ./source/mtb.o
 .debug_aranges
                0x000001b0       0x20 ./source/semihost_hardfault.o
 .debug_aranges
                0x000001d0      0x1d8 ./drivers/fsl_clock.o
 .debug_aranges
                0x000003a8      0x118 ./drivers/fsl_lpsci.o
 .debug_aranges
                0x000004c0      0x130 ./drivers/fsl_uart.o
 .debug_aranges
                0x000005f0       0x50 ./board/clock_config.o
 .debug_aranges
                0x00000640       0x30 ./board/pin_mux.o
 .debug_aranges
                0x00000670       0x28 ./CMSIS/system_MKL25Z4.o

.debug_ranges   0x00000000      0x5f0
 .debug_ranges  0x00000000      0x150 ./startup/startup_mkl25z4.o
 .debug_ranges  0x00000150       0x28 ./source/lpsci_polling.o
 .debug_ranges  0x00000178       0x10 ./source/semihost_hardfault.o
 .debug_ranges  0x00000188      0x1c8 ./drivers/fsl_clock.o
 .debug_ranges  0x00000350      0x108 ./drivers/fsl_lpsci.o
 .debug_ranges  0x00000458      0x120 ./drivers/fsl_uart.o
 .debug_ranges  0x00000578       0x40 ./board/clock_config.o
 .debug_ranges  0x000005b8       0x20 ./board/pin_mux.o
 .debug_ranges  0x000005d8       0x18 ./CMSIS/system_MKL25Z4.o

.debug_line     0x00000000     0x3734
 .debug_line    0x00000000      0x1e7 ./startup/startup_mkl25z4.o
 .debug_line    0x000001e7      0x274 ./source/lpsci_polling.o
 .debug_line    0x0000045b       0x30 ./source/mtb.o
 .debug_line    0x0000048b       0x5a ./source/semihost_hardfault.o
 .debug_line    0x000004e5     0x1204 ./drivers/fsl_clock.o
 .debug_line    0x000016e9      0xc88 ./drivers/fsl_lpsci.o
 .debug_line    0x00002371      0xc77 ./drivers/fsl_uart.o
 .debug_line    0x00002fe8      0x29d ./board/clock_config.o
 .debug_line    0x00003285      0x207 ./board/pin_mux.o
 .debug_line    0x0000348c      0x2a8 ./CMSIS/system_MKL25Z4.o

.debug_str      0x00000000     0x3696
 .debug_str     0x00000000      0x4ea ./startup/startup_mkl25z4.o
                                0x4fd (size before relaxing)
 .debug_str     0x000004ea      0xc7c ./source/lpsci_polling.o
                                0xe2f (size before relaxing)
 .debug_str     0x00001166       0x1f ./source/mtb.o
                                0x187 (size before relaxing)
 .debug_str     0x00001185       0x1f ./source/semihost_hardfault.o
                                0x187 (size before relaxing)
 .debug_str     0x000011a4      0xcac ./drivers/fsl_clock.o
                               0x1828 (size before relaxing)
 .debug_str     0x00001e50      0xb9a ./drivers/fsl_lpsci.o
                               0x15f0 (size before relaxing)
 .debug_str     0x000029ea      0x8e6 ./drivers/fsl_uart.o
                               0x15fc (size before relaxing)
 .debug_str     0x000032d0      0x222 ./board/clock_config.o
                                0xdfa (size before relaxing)
 .debug_str     0x000034f2      0x155 ./board/pin_mux.o
                                0x605 (size before relaxing)
 .debug_str     0x00003647       0x4f ./CMSIS/system_MKL25Z4.o
                                0x369 (size before relaxing)

.comment        0x00000000       0x75
 .comment       0x00000000       0x75 ./startup/startup_mkl25z4.o
                                 0x76 (size before relaxing)
 .comment       0x00000075       0x76 ./source/lpsci_polling.o
 .comment       0x00000075       0x76 ./source/mtb.o
 .comment       0x00000075       0x76 ./source/semihost_hardfault.o
 .comment       0x00000075       0x76 ./drivers/fsl_clock.o
 .comment       0x00000075       0x76 ./drivers/fsl_lpsci.o
 .comment       0x00000075       0x76 ./drivers/fsl_uart.o
 .comment       0x00000075       0x76 ./board/clock_config.o
 .comment       0x00000075       0x76 ./board/pin_mux.o
 .comment       0x00000075       0x76 ./CMSIS/system_MKL25Z4.o
 .comment       0x00000075       0x76 c:/nxp/mcuxpressoide_11.0.1_2563/ide/plugins/com.nxp.mcuxpresso.tools.win32_11.0.1.201907311258/tools/bin/../lib/gcc/arm-none-eabi/8.2.1/../../../../arm-none-eabi/lib/thumb/v6-m/nofp\libcr_semihost_nf.a(_cr__main.o)
 .comment       0x00000075       0x76 c:/nxp/mcuxpressoide_11.0.1_2563/ide/plugins/com.nxp.mcuxpresso.tools.win32_11.0.1.201907311258/tools/bin/../lib/gcc/arm-none-eabi/8.2.1/../../../../arm-none-eabi/lib/thumb/v6-m/nofp\libcr_semihost_nf.a(_cr_assert.o)
 .comment       0x00000075       0x76 c:/nxp/mcuxpressoide_11.0.1_2563/ide/plugins/com.nxp.mcuxpresso.tools.win32_11.0.1.201907311258/tools/bin/../lib/gcc/arm-none-eabi/8.2.1/../../../../arm-none-eabi/lib/thumb/v6-m/nofp\libcr_semihost_nf.a(__ciob.o)
 .comment       0x00000075       0x76 c:/nxp/mcuxpressoide_11.0.1_2563/ide/plugins/com.nxp.mcuxpresso.tools.win32_11.0.1.201907311258/tools/bin/../lib/gcc/arm-none-eabi/8.2.1/../../../../arm-none-eabi/lib/thumb/v6-m/nofp\libcr_c.a(memset.o)
 .comment       0x00000075       0x76 c:/nxp/mcuxpressoide_11.0.1_2563/ide/plugins/com.nxp.mcuxpresso.tools.win32_11.0.1.201907311258/tools/bin/../lib/gcc/arm-none-eabi/8.2.1/../../../../arm-none-eabi/lib/thumb/v6-m/nofp\libcr_c.a(_deferredlazyseek.o)
 .comment       0x00000075       0x76 c:/nxp/mcuxpressoide_11.0.1_2563/ide/plugins/com.nxp.mcuxpresso.tools.win32_11.0.1.201907311258/tools/bin/../lib/gcc/arm-none-eabi/8.2.1/../../../../arm-none-eabi/lib/thumb/v6-m/nofp\libcr_c.a(_fflush.o)
 .comment       0x00000075       0x76 c:/nxp/mcuxpressoide_11.0.1_2563/ide/plugins/com.nxp.mcuxpresso.tools.win32_11.0.1.201907311258/tools/bin/../lib/gcc/arm-none-eabi/8.2.1/../../../../arm-none-eabi/lib/thumb/v6-m/nofp\libcr_c.a(_writebuf.o)
 .comment       0x00000075       0x76 c:/nxp/mcuxpressoide_11.0.1_2563/ide/plugins/com.nxp.mcuxpresso.tools.win32_11.0.1.201907311258/tools/bin/../lib/gcc/arm-none-eabi/8.2.1/../../../../arm-none-eabi/lib/thumb/v6-m/nofp\libcr_c.a(alloc.o)
 .comment       0x00000075       0x76 c:/nxp/mcuxpressoide_11.0.1_2563/ide/plugins/com.nxp.mcuxpresso.tools.win32_11.0.1.201907311258/tools/bin/../lib/gcc/arm-none-eabi/8.2.1/../../../../arm-none-eabi/lib/thumb/v6-m/nofp\libcr_c.a(fputs.o)
 .comment       0x00000075       0x76 c:/nxp/mcuxpressoide_11.0.1_2563/ide/plugins/com.nxp.mcuxpresso.tools.win32_11.0.1.201907311258/tools/bin/../lib/gcc/arm-none-eabi/8.2.1/../../../../arm-none-eabi/lib/thumb/v6-m/nofp\libcr_c.a(fseek.o)
 .comment       0x00000075       0x76 c:/nxp/mcuxpressoide_11.0.1_2563/ide/plugins/com.nxp.mcuxpresso.tools.win32_11.0.1.201907311258/tools/bin/../lib/gcc/arm-none-eabi/8.2.1/../../../../arm-none-eabi/lib/thumb/v6-m/nofp\libcr_c.a(ftell.o)
 .comment       0x00000075       0x76 c:/nxp/mcuxpressoide_11.0.1_2563/ide/plugins/com.nxp.mcuxpresso.tools.win32_11.0.1.201907311258/tools/bin/../lib/gcc/arm-none-eabi/8.2.1/../../../../arm-none-eabi/lib/thumb/v6-m/nofp\libcr_c.a(initio.o)
 .comment       0x00000075       0x76 c:/nxp/mcuxpressoide_11.0.1_2563/ide/plugins/com.nxp.mcuxpresso.tools.win32_11.0.1.201907311258/tools/bin/../lib/gcc/arm-none-eabi/8.2.1/../../../../arm-none-eabi/lib/thumb/v6-m/nofp\libcr_c.a(setvbuf.o)
 .comment       0x00000075       0x76 c:/nxp/mcuxpressoide_11.0.1_2563/ide/plugins/com.nxp.mcuxpresso.tools.win32_11.0.1.201907311258/tools/bin/../lib/gcc/arm-none-eabi/8.2.1/../../../../arm-none-eabi/lib/thumb/v6-m/nofp\libcr_c.a(__init_alloc.o)
 .comment       0x00000075       0x76 c:/nxp/mcuxpressoide_11.0.1_2563/ide/plugins/com.nxp.mcuxpresso.tools.win32_11.0.1.201907311258/tools/bin/../lib/gcc/arm-none-eabi/8.2.1/../../../../arm-none-eabi/lib/thumb/v6-m/nofp\libcr_c.a(_cr_sbrk.o)
 .comment       0x00000075       0x76 c:/nxp/mcuxpressoide_11.0.1_2563/ide/plugins/com.nxp.mcuxpresso.tools.win32_11.0.1.201907311258/tools/bin/../lib/gcc/arm-none-eabi/8.2.1/../../../../arm-none-eabi/lib/thumb/v6-m/nofp\libcr_c.a(_fdopen.o)
 .comment       0x00000075       0x76 c:/nxp/mcuxpressoide_11.0.1_2563/ide/plugins/com.nxp.mcuxpresso.tools.win32_11.0.1.201907311258/tools/bin/../lib/gcc/arm-none-eabi/8.2.1/../../../../arm-none-eabi/lib/thumb/v6-m/nofp\libcr_c.a(errno.o)
 .comment       0x00000075       0x76 c:/nxp/mcuxpressoide_11.0.1_2563/ide/plugins/com.nxp.mcuxpresso.tools.win32_11.0.1.201907311258/tools/bin/../lib/gcc/arm-none-eabi/8.2.1/../../../../arm-none-eabi/lib/thumb/v6-m/nofp\libcr_c.a(fclose.o)
 .comment       0x00000075       0x76 c:/nxp/mcuxpressoide_11.0.1_2563/ide/plugins/com.nxp.mcuxpresso.tools.win32_11.0.1.201907311258/tools/bin/../lib/gcc/arm-none-eabi/8.2.1/../../../../arm-none-eabi/lib/thumb/v6-m/nofp\libcr_c.a(fflush.o)
 .comment       0x00000075       0x76 c:/nxp/mcuxpressoide_11.0.1_2563/ide/plugins/com.nxp.mcuxpresso.tools.win32_11.0.1.201907311258/tools/bin/../lib/gcc/arm-none-eabi/8.2.1/../../../../arm-none-eabi/lib/thumb/v6-m/nofp\libcr_c.a(remove.o)
 .comment       0x00000075       0x76 c:/nxp/mcuxpressoide_11.0.1_2563/ide/plugins/com.nxp.mcuxpresso.tools.win32_11.0.1.201907311258/tools/bin/../lib/gcc/arm-none-eabi/8.2.1/../../../../arm-none-eabi/lib/thumb/v6-m/nofp\libcr_c.a(strlen.o)
 .comment       0x00000075       0x76 c:/nxp/mcuxpressoide_11.0.1_2563/ide/plugins/com.nxp.mcuxpresso.tools.win32_11.0.1.201907311258/tools/bin/../lib/gcc/arm-none-eabi/8.2.1/../../../../arm-none-eabi/lib/thumb/v6-m/nofp\libcr_c.a(_cr_check_heap.o)
 .comment       0x00000075       0x76 c:/nxp/mcuxpressoide_11.0.1_2563/ide/plugins/com.nxp.mcuxpresso.tools.win32_11.0.1.201907311258/tools/bin/../lib/gcc/arm-none-eabi/8.2.1/../../../../arm-none-eabi/lib/thumb/v6-m/nofp\libcr_c.a(_do_fflush.o)

.ARM.attributes
                0x00000000       0x2a
 .ARM.attributes
                0x00000000       0x2c ./startup/startup_mkl25z4.o
 .ARM.attributes
                0x0000002c       0x2c ./source/lpsci_polling.o
 .ARM.attributes
                0x00000058       0x32 ./source/mtb.o
 .ARM.attributes
                0x0000008a       0x2c ./source/semihost_hardfault.o
 .ARM.attributes
                0x000000b6       0x2c ./drivers/fsl_clock.o
 .ARM.attributes
                0x000000e2       0x2c ./drivers/fsl_lpsci.o
 .ARM.attributes
                0x0000010e       0x2c ./drivers/fsl_uart.o
 .ARM.attributes
                0x0000013a       0x2c ./board/clock_config.o
 .ARM.attributes
                0x00000166       0x2c ./board/pin_mux.o
 .ARM.attributes
                0x00000192       0x2c ./CMSIS/system_MKL25Z4.o
 .ARM.attributes
                0x000001be       0x2c c:/nxp/mcuxpressoide_11.0.1_2563/ide/plugins/com.nxp.mcuxpresso.tools.win32_11.0.1.201907311258/tools/bin/../lib/gcc/arm-none-eabi/8.2.1/../../../../arm-none-eabi/lib/thumb/v6-m/nofp\libcr_semihost_nf.a(_cr__main.o)
 .ARM.attributes
                0x000001ea       0x2c c:/nxp/mcuxpressoide_11.0.1_2563/ide/plugins/com.nxp.mcuxpresso.tools.win32_11.0.1.201907311258/tools/bin/../lib/gcc/arm-none-eabi/8.2.1/../../../../arm-none-eabi/lib/thumb/v6-m/nofp\libcr_semihost_nf.a(_cr_assert.o)
 .ARM.attributes
                0x00000216       0x31 c:/nxp/mcuxpressoide_11.0.1_2563/ide/plugins/com.nxp.mcuxpresso.tools.win32_11.0.1.201907311258/tools/bin/../lib/gcc/arm-none-eabi/8.2.1/../../../../arm-none-eabi/lib/thumb/v6-m/nofp\libcr_semihost_nf.a(__ciob.o)
 .ARM.attributes
                0x00000247       0x1c c:/nxp/mcuxpressoide_11.0.1_2563/ide/plugins/com.nxp.mcuxpresso.tools.win32_11.0.1.201907311258/tools/bin/../lib/gcc/arm-none-eabi/8.2.1/../../../../arm-none-eabi/lib/thumb/v6-m/nofp\libcr_semihost_nf.a(__sys_appexit.o)
 .ARM.attributes
                0x00000263       0x2c c:/nxp/mcuxpressoide_11.0.1_2563/ide/plugins/com.nxp.mcuxpresso.tools.win32_11.0.1.201907311258/tools/bin/../lib/gcc/arm-none-eabi/8.2.1/../../../../arm-none-eabi/lib/thumb/v6-m/nofp\libcr_c.a(memset.o)
 .ARM.attributes
                0x0000028f       0x2c c:/nxp/mcuxpressoide_11.0.1_2563/ide/plugins/com.nxp.mcuxpresso.tools.win32_11.0.1.201907311258/tools/bin/../lib/gcc/arm-none-eabi/8.2.1/../../../../arm-none-eabi/lib/thumb/v6-m/nofp\libcr_c.a(_deferredlazyseek.o)
 .ARM.attributes
                0x000002bb       0x2c c:/nxp/mcuxpressoide_11.0.1_2563/ide/plugins/com.nxp.mcuxpresso.tools.win32_11.0.1.201907311258/tools/bin/../lib/gcc/arm-none-eabi/8.2.1/../../../../arm-none-eabi/lib/thumb/v6-m/nofp\libcr_c.a(_fflush.o)
 .ARM.attributes
                0x000002e7       0x2c c:/nxp/mcuxpressoide_11.0.1_2563/ide/plugins/com.nxp.mcuxpresso.tools.win32_11.0.1.201907311258/tools/bin/../lib/gcc/arm-none-eabi/8.2.1/../../../../arm-none-eabi/lib/thumb/v6-m/nofp\libcr_c.a(_writebuf.o)
 .ARM.attributes
                0x00000313       0x2c c:/nxp/mcuxpressoide_11.0.1_2563/ide/plugins/com.nxp.mcuxpresso.tools.win32_11.0.1.201907311258/tools/bin/../lib/gcc/arm-none-eabi/8.2.1/../../../../arm-none-eabi/lib/thumb/v6-m/nofp\libcr_c.a(alloc.o)
 .ARM.attributes
                0x0000033f       0x2c c:/nxp/mcuxpressoide_11.0.1_2563/ide/plugins/com.nxp.mcuxpresso.tools.win32_11.0.1.201907311258/tools/bin/../lib/gcc/arm-none-eabi/8.2.1/../../../../arm-none-eabi/lib/thumb/v6-m/nofp\libcr_c.a(fputs.o)
 .ARM.attributes
                0x0000036b       0x2c c:/nxp/mcuxpressoide_11.0.1_2563/ide/plugins/com.nxp.mcuxpresso.tools.win32_11.0.1.201907311258/tools/bin/../lib/gcc/arm-none-eabi/8.2.1/../../../../arm-none-eabi/lib/thumb/v6-m/nofp\libcr_c.a(fseek.o)
 .ARM.attributes
                0x00000397       0x2c c:/nxp/mcuxpressoide_11.0.1_2563/ide/plugins/com.nxp.mcuxpresso.tools.win32_11.0.1.201907311258/tools/bin/../lib/gcc/arm-none-eabi/8.2.1/../../../../arm-none-eabi/lib/thumb/v6-m/nofp\libcr_c.a(ftell.o)
 .ARM.attributes
                0x000003c3       0x2c c:/nxp/mcuxpressoide_11.0.1_2563/ide/plugins/com.nxp.mcuxpresso.tools.win32_11.0.1.201907311258/tools/bin/../lib/gcc/arm-none-eabi/8.2.1/../../../../arm-none-eabi/lib/thumb/v6-m/nofp\libcr_c.a(initio.o)
 .ARM.attributes
                0x000003ef       0x2c c:/nxp/mcuxpressoide_11.0.1_2563/ide/plugins/com.nxp.mcuxpresso.tools.win32_11.0.1.201907311258/tools/bin/../lib/gcc/arm-none-eabi/8.2.1/../../../../arm-none-eabi/lib/thumb/v6-m/nofp\libcr_c.a(setvbuf.o)
 .ARM.attributes
                0x0000041b       0x2c c:/nxp/mcuxpressoide_11.0.1_2563/ide/plugins/com.nxp.mcuxpresso.tools.win32_11.0.1.201907311258/tools/bin/../lib/gcc/arm-none-eabi/8.2.1/../../../../arm-none-eabi/lib/thumb/v6-m/nofp\libcr_c.a(__init_alloc.o)
 .ARM.attributes
                0x00000447       0x2c c:/nxp/mcuxpressoide_11.0.1_2563/ide/plugins/com.nxp.mcuxpresso.tools.win32_11.0.1.201907311258/tools/bin/../lib/gcc/arm-none-eabi/8.2.1/../../../../arm-none-eabi/lib/thumb/v6-m/nofp\libcr_c.a(_cr_sbrk.o)
 .ARM.attributes
                0x00000473       0x2c c:/nxp/mcuxpressoide_11.0.1_2563/ide/plugins/com.nxp.mcuxpresso.tools.win32_11.0.1.201907311258/tools/bin/../lib/gcc/arm-none-eabi/8.2.1/../../../../arm-none-eabi/lib/thumb/v6-m/nofp\libcr_c.a(_fdopen.o)
 .ARM.attributes
                0x0000049f       0x31 c:/nxp/mcuxpressoide_11.0.1_2563/ide/plugins/com.nxp.mcuxpresso.tools.win32_11.0.1.201907311258/tools/bin/../lib/gcc/arm-none-eabi/8.2.1/../../../../arm-none-eabi/lib/thumb/v6-m/nofp\libcr_c.a(errno.o)
 .ARM.attributes
                0x000004d0       0x2c c:/nxp/mcuxpressoide_11.0.1_2563/ide/plugins/com.nxp.mcuxpresso.tools.win32_11.0.1.201907311258/tools/bin/../lib/gcc/arm-none-eabi/8.2.1/../../../../arm-none-eabi/lib/thumb/v6-m/nofp\libcr_c.a(fclose.o)
 .ARM.attributes
                0x000004fc       0x2c c:/nxp/mcuxpressoide_11.0.1_2563/ide/plugins/com.nxp.mcuxpresso.tools.win32_11.0.1.201907311258/tools/bin/../lib/gcc/arm-none-eabi/8.2.1/../../../../arm-none-eabi/lib/thumb/v6-m/nofp\libcr_c.a(fflush.o)
 .ARM.attributes
                0x00000528       0x2c c:/nxp/mcuxpressoide_11.0.1_2563/ide/plugins/com.nxp.mcuxpresso.tools.win32_11.0.1.201907311258/tools/bin/../lib/gcc/arm-none-eabi/8.2.1/../../../../arm-none-eabi/lib/thumb/v6-m/nofp\libcr_c.a(remove.o)
 .ARM.attributes
                0x00000554       0x2c c:/nxp/mcuxpressoide_11.0.1_2563/ide/plugins/com.nxp.mcuxpresso.tools.win32_11.0.1.201907311258/tools/bin/../lib/gcc/arm-none-eabi/8.2.1/../../../../arm-none-eabi/lib/thumb/v6-m/nofp\libcr_c.a(strlen.o)
 .ARM.attributes
                0x00000580       0x2c c:/nxp/mcuxpressoide_11.0.1_2563/ide/plugins/com.nxp.mcuxpresso.tools.win32_11.0.1.201907311258/tools/bin/../lib/gcc/arm-none-eabi/8.2.1/../../../../arm-none-eabi/lib/thumb/v6-m/nofp\libcr_c.a(_cr_check_heap.o)
 .ARM.attributes
                0x000005ac       0x2c c:/nxp/mcuxpressoide_11.0.1_2563/ide/plugins/com.nxp.mcuxpresso.tools.win32_11.0.1.201907311258/tools/bin/../lib/gcc/arm-none-eabi/8.2.1/../../../../arm-none-eabi/lib/thumb/v6-m/nofp\libcr_c.a(_do_fflush.o)
 .ARM.attributes
                0x000005d8       0x1c c:/nxp/mcuxpressoide_11.0.1_2563/ide/plugins/com.nxp.mcuxpresso.tools.win32_11.0.1.201907311258/tools/bin/../lib/gcc/arm-none-eabi/8.2.1/thumb/v6-m/nofp\libcr_eabihelpers.a(division_32.o)
 .ARM.attributes
                0x000005f4       0x1c c:/nxp/mcuxpressoide_11.0.1_2563/ide/plugins/com.nxp.mcuxpresso.tools.win32_11.0.1.201907311258/tools/bin/../lib/gcc/arm-none-eabi/8.2.1/thumb/v6-m/nofp\libcr_eabihelpers.a(division_idiv0.o)
 .ARM.attributes
                0x00000610       0x1c c:/nxp/mcuxpressoide_11.0.1_2563/ide/plugins/com.nxp.mcuxpresso.tools.win32_11.0.1.201907311258/tools/bin/../lib/gcc/arm-none-eabi/8.2.1/thumb/v6-m/nofp\libcr_eabihelpers.a(memcpy.o)
 .ARM.attributes
                0x0000062c       0x1c c:/nxp/mcuxpressoide_11.0.1_2563/ide/plugins/com.nxp.mcuxpresso.tools.win32_11.0.1.201907311258/tools/bin/../lib/gcc/arm-none-eabi/8.2.1/../../../../arm-none-eabi/lib/thumb/v6-m/nofp\libcr_semihost_nf.a(__sys_close.o)
 .ARM.attributes
                0x00000648       0x1c c:/nxp/mcuxpressoide_11.0.1_2563/ide/plugins/com.nxp.mcuxpresso.tools.win32_11.0.1.201907311258/tools/bin/../lib/gcc/arm-none-eabi/8.2.1/../../../../arm-none-eabi/lib/thumb/v6-m/nofp\libcr_semihost_nf.a(__sys_flen.o)
 .ARM.attributes
                0x00000664       0x1c c:/nxp/mcuxpressoide_11.0.1_2563/ide/plugins/com.nxp.mcuxpresso.tools.win32_11.0.1.201907311258/tools/bin/../lib/gcc/arm-none-eabi/8.2.1/../../../../arm-none-eabi/lib/thumb/v6-m/nofp\libcr_semihost_nf.a(__sys_istty.o)
 .ARM.attributes
                0x00000680       0x1c c:/nxp/mcuxpressoide_11.0.1_2563/ide/plugins/com.nxp.mcuxpresso.tools.win32_11.0.1.201907311258/tools/bin/../lib/gcc/arm-none-eabi/8.2.1/../../../../arm-none-eabi/lib/thumb/v6-m/nofp\libcr_semihost_nf.a(__sys_remove.o)
 .ARM.attributes
                0x0000069c       0x1c c:/nxp/mcuxpressoide_11.0.1_2563/ide/plugins/com.nxp.mcuxpresso.tools.win32_11.0.1.201907311258/tools/bin/../lib/gcc/arm-none-eabi/8.2.1/../../../../arm-none-eabi/lib/thumb/v6-m/nofp\libcr_semihost_nf.a(__sys_seek.o)
 .ARM.attributes
                0x000006b8       0x1c c:/nxp/mcuxpressoide_11.0.1_2563/ide/plugins/com.nxp.mcuxpresso.tools.win32_11.0.1.201907311258/tools/bin/../lib/gcc/arm-none-eabi/8.2.1/../../../../arm-none-eabi/lib/thumb/v6-m/nofp\libcr_semihost_nf.a(__sys_tmpnam.o)
 .ARM.attributes
                0x000006d4       0x1c c:/nxp/mcuxpressoide_11.0.1_2563/ide/plugins/com.nxp.mcuxpresso.tools.win32_11.0.1.201907311258/tools/bin/../lib/gcc/arm-none-eabi/8.2.1/../../../../arm-none-eabi/lib/thumb/v6-m/nofp\libcr_semihost_nf.a(__sys_write.o)

.debug_frame    0x00000000     0x155c
 .debug_frame   0x00000000      0x3b0 ./startup/startup_mkl25z4.o
 .debug_frame   0x000003b0       0x90 ./source/lpsci_polling.o
 .debug_frame   0x00000440       0x20 ./source/semihost_hardfault.o
 .debug_frame   0x00000460      0x6e0 ./drivers/fsl_clock.o
 .debug_frame   0x00000b40      0x418 ./drivers/fsl_lpsci.o
 .debug_frame   0x00000f58      0x468 ./drivers/fsl_uart.o
 .debug_frame   0x000013c0       0xe4 ./board/clock_config.o
 .debug_frame   0x000014a4       0x6c ./board/pin_mux.o
 .debug_frame   0x00001510       0x4c ./CMSIS/system_MKL25Z4.o

Cross Reference Table

Symbol                                            File
ADC0_DriverIRQHandler                             ./startup/startup_mkl25z4.o
ADC0_IRQHandler                                   ./startup/startup_mkl25z4.o
BOARD_BootClockRUN                                ./board/clock_config.o
                                                  ./source/lpsci_polling.o
BOARD_BootClockVLPR                               ./board/clock_config.o
BOARD_InitDebugConsole                            ./board/board.o
BOARD_InitPins                                    ./board/pin_mux.o
                                                  ./source/lpsci_polling.o
CLOCK_BootToBlpeMode                              ./drivers/fsl_clock.o
CLOCK_BootToBlpiMode                              ./drivers/fsl_clock.o
                                                  ./board/clock_config.o
CLOCK_BootToFeeMode                               ./drivers/fsl_clock.o
CLOCK_BootToFeiMode                               ./drivers/fsl_clock.o
CLOCK_BootToPeeMode                               ./drivers/fsl_clock.o
                                                  ./board/clock_config.o
CLOCK_CalcPllDiv                                  ./drivers/fsl_clock.o
CLOCK_ClearStatusFlags                            ./drivers/fsl_clock.o
CLOCK_DeinitOsc0                                  ./drivers/fsl_clock.o
CLOCK_EnablePll0                                  ./drivers/fsl_clock.o
CLOCK_EnableUsbfs0Clock                           ./drivers/fsl_clock.o
CLOCK_ExternalModeToFbeModeQuick                  ./drivers/fsl_clock.o
CLOCK_FllStableDelay                              ./drivers/fsl_clock.o
CLOCK_GetBusClkFreq                               ./drivers/fsl_clock.o
CLOCK_GetCoreSysClkFreq                           ./drivers/fsl_clock.o
CLOCK_GetEr32kClkFreq                             ./drivers/fsl_clock.o
CLOCK_GetFixedFreqClkFreq                         ./drivers/fsl_clock.o
CLOCK_GetFlashClkFreq                             ./drivers/fsl_clock.o
CLOCK_GetFllFreq                                  ./drivers/fsl_clock.o
CLOCK_GetFreq                                     ./drivers/fsl_clock.o
                                                  ./source/lpsci_polling.o
CLOCK_GetInternalRefClkFreq                       ./drivers/fsl_clock.o
CLOCK_GetMode                                     ./drivers/fsl_clock.o
CLOCK_GetOsc0ErClkFreq                            ./drivers/fsl_clock.o
CLOCK_GetOutClkFreq                               ./drivers/fsl_clock.o
CLOCK_GetPlatClkFreq                              ./drivers/fsl_clock.o
CLOCK_GetPll0Freq                                 ./drivers/fsl_clock.o
CLOCK_GetPllFllSelClkFreq                         ./drivers/fsl_clock.o
                                                  ./board/board.o
CLOCK_GetStatusFlags                              ./drivers/fsl_clock.o
CLOCK_InitOsc0                                    ./drivers/fsl_clock.o
                                                  ./board/clock_config.o
CLOCK_InternalModeToFbiModeQuick                  ./drivers/fsl_clock.o
CLOCK_SetBlpeMode                                 ./drivers/fsl_clock.o
CLOCK_SetBlpiMode                                 ./drivers/fsl_clock.o
CLOCK_SetExternalRefClkConfig                     ./drivers/fsl_clock.o
CLOCK_SetFbeMode                                  ./drivers/fsl_clock.o
CLOCK_SetFbiMode                                  ./drivers/fsl_clock.o
CLOCK_SetFeeMode                                  ./drivers/fsl_clock.o
CLOCK_SetFeiMode                                  ./drivers/fsl_clock.o
CLOCK_SetInternalRefClkConfig                     ./drivers/fsl_clock.o
                                                  ./board/clock_config.o
CLOCK_SetMcgConfig                                ./drivers/fsl_clock.o
CLOCK_SetOsc0MonitorMode                          ./drivers/fsl_clock.o
CLOCK_SetPbeMode                                  ./drivers/fsl_clock.o
CLOCK_SetPeeMode                                  ./drivers/fsl_clock.o
CLOCK_SetPll0MonitorMode                          ./drivers/fsl_clock.o
CLOCK_SetSimConfig                                ./drivers/fsl_clock.o
                                                  ./board/clock_config.o
CLOCK_TrimInternalRefClk                          ./drivers/fsl_clock.o
CMP0_DriverIRQHandler                             ./startup/startup_mkl25z4.o
CMP0_IRQHandler                                   ./startup/startup_mkl25z4.o
DAC0_DriverIRQHandler                             ./startup/startup_mkl25z4.o
DAC0_IRQHandler                                   ./startup/startup_mkl25z4.o
DMA0_DriverIRQHandler                             ./startup/startup_mkl25z4.o
DMA0_IRQHandler                                   ./startup/startup_mkl25z4.o
DMA1_DriverIRQHandler                             ./startup/startup_mkl25z4.o
DMA1_IRQHandler                                   ./startup/startup_mkl25z4.o
DMA2_DriverIRQHandler                             ./startup/startup_mkl25z4.o
DMA2_IRQHandler                                   ./startup/startup_mkl25z4.o
DMA3_DriverIRQHandler                             ./startup/startup_mkl25z4.o
DMA3_IRQHandler                                   ./startup/startup_mkl25z4.o
DbgConsole_Deinit                                 ./utilities/fsl_debug_console.o
DbgConsole_Init                                   ./utilities/fsl_debug_console.o
                                                  ./board/board.o
FLASH_Erase                                       ./drivers/fsl_flash.o
FLASH_EraseAll                                    ./drivers/fsl_flash.o
FLASH_EraseAllExecuteOnlySegments                 ./drivers/fsl_flash.o
FLASH_GetProperty                                 ./drivers/fsl_flash.o
FLASH_GetSecurityState                            ./drivers/fsl_flash.o
FLASH_Init                                        ./drivers/fsl_flash.o
FLASH_IsExecuteOnly                               ./drivers/fsl_flash.o
FLASH_IsProtected                                 ./drivers/fsl_flash.o
FLASH_PflashGetPrefetchSpeculation                ./drivers/fsl_flash.o
FLASH_PflashGetProtection                         ./drivers/fsl_flash.o
FLASH_PflashSetPrefetchSpeculation                ./drivers/fsl_flash.o
                                                  ./drivers/fsl_smc.o
FLASH_PflashSetProtection                         ./drivers/fsl_flash.o
FLASH_PrepareExecuteInRamFunctions                ./drivers/fsl_flash.o
FLASH_Program                                     ./drivers/fsl_flash.o
FLASH_ProgramOnce                                 ./drivers/fsl_flash.o
FLASH_ReadOnce                                    ./drivers/fsl_flash.o
FLASH_ReadResource                                ./drivers/fsl_flash.o
FLASH_SecurityBypass                              ./drivers/fsl_flash.o
FLASH_SetCallback                                 ./drivers/fsl_flash.o
FLASH_SetProperty                                 ./drivers/fsl_flash.o
FLASH_VerifyErase                                 ./drivers/fsl_flash.o
FLASH_VerifyEraseAll                              ./drivers/fsl_flash.o
FLASH_VerifyEraseAllExecuteOnlySegments           ./drivers/fsl_flash.o
FLASH_VerifyProgram                               ./drivers/fsl_flash.o
FTFA_DriverIRQHandler                             ./startup/startup_mkl25z4.o
FTFA_IRQHandler                                   ./startup/startup_mkl25z4.o
Flash_Config                                      ./startup/startup_mkl25z4.o
GPIO_ClearPinsInterruptFlags                      ./drivers/fsl_gpio.o
GPIO_GetPinsInterruptFlags                        ./drivers/fsl_gpio.o
GPIO_PinInit                                      ./drivers/fsl_gpio.o
HardFault_Handler                                 ./source/semihost_hardfault.o
                                                  ./startup/startup_mkl25z4.o
I2C0_DriverIRQHandler                             ./startup/startup_mkl25z4.o
I2C0_IRQHandler                                   ./startup/startup_mkl25z4.o
I2C1_DriverIRQHandler                             ./startup/startup_mkl25z4.o
I2C1_IRQHandler                                   ./startup/startup_mkl25z4.o
InstallIRQHandler                                 ./drivers/fsl_common.o
IntDefaultHandler                                 ./startup/startup_mkl25z4.o
LLWU_DriverIRQHandler                             ./startup/startup_mkl25z4.o
LLWU_IRQHandler                                   ./startup/startup_mkl25z4.o
LPSCI_ClearStatusFlags                            ./drivers/fsl_lpsci.o
LPSCI_Deinit                                      ./drivers/fsl_lpsci.o
                                                  ./utilities/fsl_debug_console.o
LPSCI_DisableInterrupts                           ./drivers/fsl_lpsci.o
LPSCI_EnableInterrupts                            ./drivers/fsl_lpsci.o
LPSCI_GetDefaultConfig                            ./drivers/fsl_lpsci.o
                                                  ./source/lpsci_polling.o
                                                  ./utilities/fsl_debug_console.o
LPSCI_GetEnabledInterrupts                        ./drivers/fsl_lpsci.o
LPSCI_GetInstance                                 ./drivers/fsl_lpsci.o
LPSCI_GetStatusFlags                              ./drivers/fsl_lpsci.o
LPSCI_Init                                        ./drivers/fsl_lpsci.o
                                                  ./source/lpsci_polling.o
                                                  ./utilities/fsl_debug_console.o
LPSCI_ReadBlocking                                ./drivers/fsl_lpsci.o
                                                  ./source/lpsci_polling.o
                                                  ./utilities/fsl_debug_console.o
LPSCI_SetBaudRate                                 ./drivers/fsl_lpsci.o
LPSCI_TransferAbortReceive                        ./drivers/fsl_lpsci.o
LPSCI_TransferAbortSend                           ./drivers/fsl_lpsci.o
LPSCI_TransferCreateHandle                        ./drivers/fsl_lpsci.o
LPSCI_TransferGetReceiveCount                     ./drivers/fsl_lpsci.o
LPSCI_TransferGetSendCount                        ./drivers/fsl_lpsci.o
LPSCI_TransferHandleErrorIRQ                      ./drivers/fsl_lpsci.o
LPSCI_TransferHandleIRQ                           ./drivers/fsl_lpsci.o
LPSCI_TransferReceiveNonBlocking                  ./drivers/fsl_lpsci.o
LPSCI_TransferSendNonBlocking                     ./drivers/fsl_lpsci.o
LPSCI_TransferStartRingBuffer                     ./drivers/fsl_lpsci.o
LPSCI_TransferStopRingBuffer                      ./drivers/fsl_lpsci.o
LPSCI_WriteBlocking                               ./drivers/fsl_lpsci.o
                                                  ./source/lpsci_polling.o
                                                  ./utilities/fsl_debug_console.o
LPTMR0_DriverIRQHandler                           ./startup/startup_mkl25z4.o
LPTMR0_IRQHandler                                 ./startup/startup_mkl25z4.o
LVD_LVW_DriverIRQHandler                          ./startup/startup_mkl25z4.o
LVD_LVW_IRQHandler                                ./startup/startup_mkl25z4.o
MCG_DriverIRQHandler                              ./startup/startup_mkl25z4.o
MCG_IRQHandler                                    ./startup/startup_mkl25z4.o
NMI_Handler                                       ./startup/startup_mkl25z4.o
PIT_DriverIRQHandler                              ./startup/startup_mkl25z4.o
PIT_IRQHandler                                    ./startup/startup_mkl25z4.o
PORTA_DriverIRQHandler                            ./startup/startup_mkl25z4.o
PORTA_IRQHandler                                  ./startup/startup_mkl25z4.o
PORTD_DriverIRQHandler                            ./startup/startup_mkl25z4.o
PORTD_IRQHandler                                  ./startup/startup_mkl25z4.o
PendSV_Handler                                    ./startup/startup_mkl25z4.o
RTC_DriverIRQHandler                              ./startup/startup_mkl25z4.o
RTC_IRQHandler                                    ./startup/startup_mkl25z4.o
RTC_Seconds_DriverIRQHandler                      ./startup/startup_mkl25z4.o
RTC_Seconds_IRQHandler                            ./startup/startup_mkl25z4.o
Reserved20_DriverIRQHandler                       ./startup/startup_mkl25z4.o
Reserved20_IRQHandler                             ./startup/startup_mkl25z4.o
Reserved39_DriverIRQHandler                       ./startup/startup_mkl25z4.o
Reserved39_IRQHandler                             ./startup/startup_mkl25z4.o
Reserved45_DriverIRQHandler                       ./startup/startup_mkl25z4.o
Reserved45_IRQHandler                             ./startup/startup_mkl25z4.o
ResetISR                                          ./startup/startup_mkl25z4.o
SIM_GetUniqueId                                   ./drivers/fsl_sim.o
SIM_SetUsbVoltRegulatorEnableMode                 ./drivers/fsl_sim.o
SMC_PostExitStopModes                             ./drivers/fsl_smc.o
SMC_PreEnterStopModes                             ./drivers/fsl_smc.o
SMC_SetPowerModeLls                               ./drivers/fsl_smc.o
SMC_SetPowerModeRun                               ./drivers/fsl_smc.o
SMC_SetPowerModeStop                              ./drivers/fsl_smc.o
SMC_SetPowerModeVlls                              ./drivers/fsl_smc.o
SMC_SetPowerModeVlpr                              ./drivers/fsl_smc.o
                                                  ./board/clock_config.o
SMC_SetPowerModeVlps                              ./drivers/fsl_smc.o
SMC_SetPowerModeVlpw                              ./drivers/fsl_smc.o
SMC_SetPowerModeWait                              ./drivers/fsl_smc.o
SPI0_DriverIRQHandler                             ./startup/startup_mkl25z4.o
SPI0_IRQHandler                                   ./startup/startup_mkl25z4.o
SPI1_DriverIRQHandler                             ./startup/startup_mkl25z4.o
SPI1_IRQHandler                                   ./startup/startup_mkl25z4.o
SVC_Handler                                       ./startup/startup_mkl25z4.o
SysTick_Handler                                   ./startup/startup_mkl25z4.o
SystemCoreClock                                   ./CMSIS/system_MKL25Z4.o
                                                  ./board/clock_config.o
SystemCoreClockUpdate                             ./CMSIS/system_MKL25Z4.o
SystemInit                                        ./CMSIS/system_MKL25Z4.o
                                                  ./startup/startup_mkl25z4.o
TPM0_DriverIRQHandler                             ./startup/startup_mkl25z4.o
TPM0_IRQHandler                                   ./startup/startup_mkl25z4.o
TPM1_DriverIRQHandler                             ./startup/startup_mkl25z4.o
TPM1_IRQHandler                                   ./startup/startup_mkl25z4.o
TPM2_DriverIRQHandler                             ./startup/startup_mkl25z4.o
TPM2_IRQHandler                                   ./startup/startup_mkl25z4.o
TSI0_DriverIRQHandler                             ./startup/startup_mkl25z4.o
TSI0_IRQHandler                                   ./startup/startup_mkl25z4.o
UART0_DriverIRQHandler                            ./drivers/fsl_lpsci.o
                                                  ./startup/startup_mkl25z4.o
UART0_IRQHandler                                  ./startup/startup_mkl25z4.o
UART1_DriverIRQHandler                            ./drivers/fsl_uart.o
                                                  ./startup/startup_mkl25z4.o
UART1_IRQHandler                                  ./startup/startup_mkl25z4.o
UART1_RX_TX_DriverIRQHandler                      ./drivers/fsl_uart.o
UART2_DriverIRQHandler                            ./drivers/fsl_uart.o
                                                  ./startup/startup_mkl25z4.o
UART2_IRQHandler                                  ./startup/startup_mkl25z4.o
UART2_RX_TX_DriverIRQHandler                      ./drivers/fsl_uart.o
UART_ClearStatusFlags                             ./drivers/fsl_uart.o
UART_Deinit                                       ./drivers/fsl_uart.o
                                                  ./utilities/fsl_debug_console.o
UART_DisableInterrupts                            ./drivers/fsl_uart.o
UART_EnableInterrupts                             ./drivers/fsl_uart.o
UART_GetDefaultConfig                             ./drivers/fsl_uart.o
                                                  ./utilities/fsl_debug_console.o
UART_GetEnabledInterrupts                         ./drivers/fsl_uart.o
UART_GetInstance                                  ./drivers/fsl_uart.o
UART_GetStatusFlags                               ./drivers/fsl_uart.o
UART_Init                                         ./drivers/fsl_uart.o
                                                  ./utilities/fsl_debug_console.o
UART_ReadBlocking                                 ./drivers/fsl_uart.o
                                                  ./utilities/fsl_debug_console.o
UART_SetBaudRate                                  ./drivers/fsl_uart.o
UART_TransferAbortReceive                         ./drivers/fsl_uart.o
UART_TransferAbortSend                            ./drivers/fsl_uart.o
UART_TransferCreateHandle                         ./drivers/fsl_uart.o
UART_TransferGetReceiveCount                      ./drivers/fsl_uart.o
UART_TransferGetSendCount                         ./drivers/fsl_uart.o
UART_TransferHandleErrorIRQ                       ./drivers/fsl_uart.o
UART_TransferHandleIRQ                            ./drivers/fsl_uart.o
UART_TransferReceiveNonBlocking                   ./drivers/fsl_uart.o
UART_TransferSendNonBlocking                      ./drivers/fsl_uart.o
UART_TransferStartRingBuffer                      ./drivers/fsl_uart.o
UART_TransferStopRingBuffer                       ./drivers/fsl_uart.o
UART_WriteBlocking                                ./drivers/fsl_uart.o
                                                  ./utilities/fsl_debug_console.o
USB0_DriverIRQHandler                             ./startup/startup_mkl25z4.o
USB0_IRQHandler                                   ./startup/startup_mkl25z4.o
_Csys_alloc                                       c:/nxp/mcuxpressoide_11.0.1_2563/ide/plugins/com.nxp.mcuxpresso.tools.win32_11.0.1.201907311258/tools/bin/../lib/gcc/arm-none-eabi/8.2.1/../../../../arm-none-eabi/lib/thumb/v6-m/nofp\libcr_c.a(alloc.o)
                                                  c:/nxp/mcuxpressoide_11.0.1_2563/ide/plugins/com.nxp.mcuxpresso.tools.win32_11.0.1.201907311258/tools/bin/../lib/gcc/arm-none-eabi/8.2.1/../../../../arm-none-eabi/lib/thumb/v6-m/nofp\libcr_c.a(_deferredlazyseek.o)
_Cwritebuf                                        c:/nxp/mcuxpressoide_11.0.1_2563/ide/plugins/com.nxp.mcuxpresso.tools.win32_11.0.1.201907311258/tools/bin/../lib/gcc/arm-none-eabi/8.2.1/../../../../arm-none-eabi/lib/thumb/v6-m/nofp\libcr_c.a(_writebuf.o)
                                                  c:/nxp/mcuxpressoide_11.0.1_2563/ide/plugins/com.nxp.mcuxpresso.tools.win32_11.0.1.201907311258/tools/bin/../lib/gcc/arm-none-eabi/8.2.1/../../../../arm-none-eabi/lib/thumb/v6-m/nofp\libcr_c.a(_fflush.o)
                                                  c:/nxp/mcuxpressoide_11.0.1_2563/ide/plugins/com.nxp.mcuxpresso.tools.win32_11.0.1.201907311258/tools/bin/../lib/gcc/arm-none-eabi/8.2.1/../../../../arm-none-eabi/lib/thumb/v6-m/nofp\libcr_c.a(_deferredlazyseek.o)
__CR_SEMIHOST                                     c:/nxp/mcuxpressoide_11.0.1_2563/ide/plugins/com.nxp.mcuxpresso.tools.win32_11.0.1.201907311258/tools/bin/../lib/gcc/arm-none-eabi/8.2.1/../../../../arm-none-eabi/lib/thumb/v6-m/nofp\libcr_semihost_nf.a(_cr__main.o)
__Ciob                                            c:/nxp/mcuxpressoide_11.0.1_2563/ide/plugins/com.nxp.mcuxpresso.tools.win32_11.0.1.201907311258/tools/bin/../lib/gcc/arm-none-eabi/8.2.1/../../../../arm-none-eabi/lib/thumb/v6-m/nofp\libcr_semihost_nf.a(__ciob.o)
                                                  c:/nxp/mcuxpressoide_11.0.1_2563/ide/plugins/com.nxp.mcuxpresso.tools.win32_11.0.1.201907311258/tools/bin/../lib/gcc/arm-none-eabi/8.2.1/../../../../arm-none-eabi/lib/thumb/v6-m/nofp\libcr_c.a(fflush.o)
                                                  c:/nxp/mcuxpressoide_11.0.1_2563/ide/plugins/com.nxp.mcuxpresso.tools.win32_11.0.1.201907311258/tools/bin/../lib/gcc/arm-none-eabi/8.2.1/../../../../arm-none-eabi/lib/thumb/v6-m/nofp\libcr_c.a(initio.o)
                                                  c:/nxp/mcuxpressoide_11.0.1_2563/ide/plugins/com.nxp.mcuxpresso.tools.win32_11.0.1.201907311258/tools/bin/../lib/gcc/arm-none-eabi/8.2.1/../../../../arm-none-eabi/lib/thumb/v6-m/nofp\libcr_semihost_nf.a(_cr_assert.o)
__RAM_VECTOR_TABLE_SIZE_BYTES                     ./drivers/fsl_common.o
__VECTOR_RAM                                      ./drivers/fsl_common.o
__VECTOR_TABLE                                    ./drivers/fsl_common.o
__Vectors                                         ./startup/startup_mkl25z4.o
__aeabi_idiv                                      c:/nxp/mcuxpressoide_11.0.1_2563/ide/plugins/com.nxp.mcuxpresso.tools.win32_11.0.1.201907311258/tools/bin/../lib/gcc/arm-none-eabi/8.2.1/thumb/v6-m/nofp\libcr_eabihelpers.a(division_32.o)
__aeabi_idiv0                                     c:/nxp/mcuxpressoide_11.0.1_2563/ide/plugins/com.nxp.mcuxpresso.tools.win32_11.0.1.201907311258/tools/bin/../lib/gcc/arm-none-eabi/8.2.1/thumb/v6-m/nofp\libcr_eabihelpers.a(division_idiv0.o)
                                                  c:/nxp/mcuxpressoide_11.0.1_2563/ide/plugins/com.nxp.mcuxpresso.tools.win32_11.0.1.201907311258/tools/bin/../lib/gcc/arm-none-eabi/8.2.1/thumb/v6-m/nofp\libcr_eabihelpers.a(division_32.o)
__aeabi_idivmod                                   c:/nxp/mcuxpressoide_11.0.1_2563/ide/plugins/com.nxp.mcuxpresso.tools.win32_11.0.1.201907311258/tools/bin/../lib/gcc/arm-none-eabi/8.2.1/thumb/v6-m/nofp\libcr_eabihelpers.a(division_32.o)
__aeabi_lowlevel_memset                           c:/nxp/mcuxpressoide_11.0.1_2563/ide/plugins/com.nxp.mcuxpresso.tools.win32_11.0.1.201907311258/tools/bin/../lib/gcc/arm-none-eabi/8.2.1/thumb/v6-m/nofp\libcr_eabihelpers.a(memcpy.o)
                                                  c:/nxp/mcuxpressoide_11.0.1_2563/ide/plugins/com.nxp.mcuxpresso.tools.win32_11.0.1.201907311258/tools/bin/../lib/gcc/arm-none-eabi/8.2.1/../../../../arm-none-eabi/lib/thumb/v6-m/nofp\libcr_c.a(memset.o)
__aeabi_memclr                                    c:/nxp/mcuxpressoide_11.0.1_2563/ide/plugins/com.nxp.mcuxpresso.tools.win32_11.0.1.201907311258/tools/bin/../lib/gcc/arm-none-eabi/8.2.1/thumb/v6-m/nofp\libcr_eabihelpers.a(memcpy.o)
__aeabi_memclr4                                   c:/nxp/mcuxpressoide_11.0.1_2563/ide/plugins/com.nxp.mcuxpresso.tools.win32_11.0.1.201907311258/tools/bin/../lib/gcc/arm-none-eabi/8.2.1/thumb/v6-m/nofp\libcr_eabihelpers.a(memcpy.o)
__aeabi_memclr8                                   c:/nxp/mcuxpressoide_11.0.1_2563/ide/plugins/com.nxp.mcuxpresso.tools.win32_11.0.1.201907311258/tools/bin/../lib/gcc/arm-none-eabi/8.2.1/thumb/v6-m/nofp\libcr_eabihelpers.a(memcpy.o)
__aeabi_memcpy                                    c:/nxp/mcuxpressoide_11.0.1_2563/ide/plugins/com.nxp.mcuxpresso.tools.win32_11.0.1.201907311258/tools/bin/../lib/gcc/arm-none-eabi/8.2.1/thumb/v6-m/nofp\libcr_eabihelpers.a(memcpy.o)
                                                  c:/nxp/mcuxpressoide_11.0.1_2563/ide/plugins/com.nxp.mcuxpresso.tools.win32_11.0.1.201907311258/tools/bin/../lib/gcc/arm-none-eabi/8.2.1/../../../../arm-none-eabi/lib/thumb/v6-m/nofp\libcr_c.a(memcpy.o)
__aeabi_memcpy4                                   c:/nxp/mcuxpressoide_11.0.1_2563/ide/plugins/com.nxp.mcuxpresso.tools.win32_11.0.1.201907311258/tools/bin/../lib/gcc/arm-none-eabi/8.2.1/thumb/v6-m/nofp\libcr_eabihelpers.a(memcpy.o)
__aeabi_memcpy8                                   c:/nxp/mcuxpressoide_11.0.1_2563/ide/plugins/com.nxp.mcuxpresso.tools.win32_11.0.1.201907311258/tools/bin/../lib/gcc/arm-none-eabi/8.2.1/thumb/v6-m/nofp\libcr_eabihelpers.a(memcpy.o)
__aeabi_memmove                                   c:/nxp/mcuxpressoide_11.0.1_2563/ide/plugins/com.nxp.mcuxpresso.tools.win32_11.0.1.201907311258/tools/bin/../lib/gcc/arm-none-eabi/8.2.1/thumb/v6-m/nofp\libcr_eabihelpers.a(memcpy.o)
__aeabi_memmove4                                  c:/nxp/mcuxpressoide_11.0.1_2563/ide/plugins/com.nxp.mcuxpresso.tools.win32_11.0.1.201907311258/tools/bin/../lib/gcc/arm-none-eabi/8.2.1/thumb/v6-m/nofp\libcr_eabihelpers.a(memcpy.o)
__aeabi_memmove8                                  c:/nxp/mcuxpressoide_11.0.1_2563/ide/plugins/com.nxp.mcuxpresso.tools.win32_11.0.1.201907311258/tools/bin/../lib/gcc/arm-none-eabi/8.2.1/thumb/v6-m/nofp\libcr_eabihelpers.a(memcpy.o)
__aeabi_memset                                    c:/nxp/mcuxpressoide_11.0.1_2563/ide/plugins/com.nxp.mcuxpresso.tools.win32_11.0.1.201907311258/tools/bin/../lib/gcc/arm-none-eabi/8.2.1/thumb/v6-m/nofp\libcr_eabihelpers.a(memcpy.o)
__aeabi_memset4                                   c:/nxp/mcuxpressoide_11.0.1_2563/ide/plugins/com.nxp.mcuxpresso.tools.win32_11.0.1.201907311258/tools/bin/../lib/gcc/arm-none-eabi/8.2.1/thumb/v6-m/nofp\libcr_eabihelpers.a(memcpy.o)
__aeabi_memset8                                   c:/nxp/mcuxpressoide_11.0.1_2563/ide/plugins/com.nxp.mcuxpresso.tools.win32_11.0.1.201907311258/tools/bin/../lib/gcc/arm-none-eabi/8.2.1/thumb/v6-m/nofp\libcr_eabihelpers.a(memcpy.o)
__aeabi_uidiv                                     c:/nxp/mcuxpressoide_11.0.1_2563/ide/plugins/com.nxp.mcuxpresso.tools.win32_11.0.1.201907311258/tools/bin/../lib/gcc/arm-none-eabi/8.2.1/thumb/v6-m/nofp\libcr_eabihelpers.a(division_32.o)
                                                  ./CMSIS/system_MKL25Z4.o
                                                  ./drivers/fsl_uart.o
                                                  ./drivers/fsl_lpsci.o
                                                  ./drivers/fsl_flash.o
                                                  ./drivers/fsl_clock.o
__aeabi_uidivmod                                  c:/nxp/mcuxpressoide_11.0.1_2563/ide/plugins/com.nxp.mcuxpresso.tools.win32_11.0.1.201907311258/tools/bin/../lib/gcc/arm-none-eabi/8.2.1/thumb/v6-m/nofp\libcr_eabihelpers.a(division_32.o)
                                                  ./drivers/fsl_flash.o
__assertion_failed                                c:/nxp/mcuxpressoide_11.0.1_2563/ide/plugins/com.nxp.mcuxpresso.tools.win32_11.0.1.201907311258/tools/bin/../lib/gcc/arm-none-eabi/8.2.1/../../../../arm-none-eabi/lib/thumb/v6-m/nofp\libcr_semihost_nf.a(_cr_assert.o)
                                                  ./drivers/fsl_uart.o
                                                  ./drivers/fsl_lpsci.o
                                                  ./drivers/fsl_gpio.o
                                                  ./drivers/fsl_clock.o
__bss_section_table_end                           ./startup/startup_mkl25z4.o
__check_heap_overflow                             c:/nxp/mcuxpressoide_11.0.1_2563/ide/plugins/com.nxp.mcuxpresso.tools.win32_11.0.1.201907311258/tools/bin/../lib/gcc/arm-none-eabi/8.2.1/../../../../arm-none-eabi/lib/thumb/v6-m/nofp\libcr_c.a(_cr_check_heap.o)
                                                  c:/nxp/mcuxpressoide_11.0.1_2563/ide/plugins/com.nxp.mcuxpresso.tools.win32_11.0.1.201907311258/tools/bin/../lib/gcc/arm-none-eabi/8.2.1/../../../../arm-none-eabi/lib/thumb/v6-m/nofp\libcr_c.a(_cr_sbrk.o)
__data_section_table                              ./startup/startup_mkl25z4.o
__data_section_table_end                          ./startup/startup_mkl25z4.o
__end_of_heap                                     c:/nxp/mcuxpressoide_11.0.1_2563/ide/plugins/com.nxp.mcuxpresso.tools.win32_11.0.1.201907311258/tools/bin/../lib/gcc/arm-none-eabi/8.2.1/../../../../arm-none-eabi/lib/thumb/v6-m/nofp\libcr_c.a(__init_alloc.o)
                                                  c:/nxp/mcuxpressoide_11.0.1_2563/ide/plugins/com.nxp.mcuxpresso.tools.win32_11.0.1.201907311258/tools/bin/../lib/gcc/arm-none-eabi/8.2.1/../../../../arm-none-eabi/lib/thumb/v6-m/nofp\libcr_c.a(_cr_sbrk.o)
__exit                                            c:/nxp/mcuxpressoide_11.0.1_2563/ide/plugins/com.nxp.mcuxpresso.tools.win32_11.0.1.201907311258/tools/bin/../lib/gcc/arm-none-eabi/8.2.1/../../../../arm-none-eabi/lib/thumb/v6-m/nofp\libcr_semihost_nf.a(__sys_appexit.o)
__flsbuf                                          c:/nxp/mcuxpressoide_11.0.1_2563/ide/plugins/com.nxp.mcuxpresso.tools.win32_11.0.1.201907311258/tools/bin/../lib/gcc/arm-none-eabi/8.2.1/../../../../arm-none-eabi/lib/thumb/v6-m/nofp\libcr_c.a(_deferredlazyseek.o)
                                                  c:/nxp/mcuxpressoide_11.0.1_2563/ide/plugins/com.nxp.mcuxpresso.tools.win32_11.0.1.201907311258/tools/bin/../lib/gcc/arm-none-eabi/8.2.1/../../../../arm-none-eabi/lib/thumb/v6-m/nofp\libcr_c.a(fputs.o)
                                                  c:/nxp/mcuxpressoide_11.0.1_2563/ide/plugins/com.nxp.mcuxpresso.tools.win32_11.0.1.201907311258/tools/bin/../lib/gcc/arm-none-eabi/8.2.1/../../../../arm-none-eabi/lib/thumb/v6-m/nofp\libcr_semihost_nf.a(_cr_assert.o)
__heaps                                           c:/nxp/mcuxpressoide_11.0.1_2563/ide/plugins/com.nxp.mcuxpresso.tools.win32_11.0.1.201907311258/tools/bin/../lib/gcc/arm-none-eabi/8.2.1/../../../../arm-none-eabi/lib/thumb/v6-m/nofp\libcr_c.a(__init_alloc.o)
                                                  c:/nxp/mcuxpressoide_11.0.1_2563/ide/plugins/com.nxp.mcuxpresso.tools.win32_11.0.1.201907311258/tools/bin/../lib/gcc/arm-none-eabi/8.2.1/../../../../arm-none-eabi/lib/thumb/v6-m/nofp\libcr_c.a(alloc.o)
__main                                            c:/nxp/mcuxpressoide_11.0.1_2563/ide/plugins/com.nxp.mcuxpresso.tools.win32_11.0.1.201907311258/tools/bin/../lib/gcc/arm-none-eabi/8.2.1/../../../../arm-none-eabi/lib/thumb/v6-m/nofp\libcr_semihost_nf.a(_cr__main.o)
                                                  ./startup/startup_mkl25z4.o
__mtb_buffer__                                    ./source/mtb.o
__num_Ciob_streams                                c:/nxp/mcuxpressoide_11.0.1_2563/ide/plugins/com.nxp.mcuxpresso.tools.win32_11.0.1.201907311258/tools/bin/../lib/gcc/arm-none-eabi/8.2.1/../../../../arm-none-eabi/lib/thumb/v6-m/nofp\libcr_semihost_nf.a(__ciob.o)
                                                  c:/nxp/mcuxpressoide_11.0.1_2563/ide/plugins/com.nxp.mcuxpresso.tools.win32_11.0.1.201907311258/tools/bin/../lib/gcc/arm-none-eabi/8.2.1/../../../../arm-none-eabi/lib/thumb/v6-m/nofp\libcr_c.a(fflush.o)
                                                  c:/nxp/mcuxpressoide_11.0.1_2563/ide/plugins/com.nxp.mcuxpresso.tools.win32_11.0.1.201907311258/tools/bin/../lib/gcc/arm-none-eabi/8.2.1/../../../../arm-none-eabi/lib/thumb/v6-m/nofp\libcr_c.a(initio.o)
__sys_appexit                                     c:/nxp/mcuxpressoide_11.0.1_2563/ide/plugins/com.nxp.mcuxpresso.tools.win32_11.0.1.201907311258/tools/bin/../lib/gcc/arm-none-eabi/8.2.1/../../../../arm-none-eabi/lib/thumb/v6-m/nofp\libcr_semihost_nf.a(__sys_appexit.o)
                                                  c:/nxp/mcuxpressoide_11.0.1_2563/ide/plugins/com.nxp.mcuxpresso.tools.win32_11.0.1.201907311258/tools/bin/../lib/gcc/arm-none-eabi/8.2.1/../../../../arm-none-eabi/lib/thumb/v6-m/nofp\libcr_c.a(alloc.o)
                                                  c:/nxp/mcuxpressoide_11.0.1_2563/ide/plugins/com.nxp.mcuxpresso.tools.win32_11.0.1.201907311258/tools/bin/../lib/gcc/arm-none-eabi/8.2.1/../../../../arm-none-eabi/lib/thumb/v6-m/nofp\libcr_semihost_nf.a(_cr_assert.o)
__sys_close                                       c:/nxp/mcuxpressoide_11.0.1_2563/ide/plugins/com.nxp.mcuxpresso.tools.win32_11.0.1.201907311258/tools/bin/../lib/gcc/arm-none-eabi/8.2.1/../../../../arm-none-eabi/lib/thumb/v6-m/nofp\libcr_semihost_nf.a(__sys_close.o)
                                                  c:/nxp/mcuxpressoide_11.0.1_2563/ide/plugins/com.nxp.mcuxpresso.tools.win32_11.0.1.201907311258/tools/bin/../lib/gcc/arm-none-eabi/8.2.1/../../../../arm-none-eabi/lib/thumb/v6-m/nofp\libcr_c.a(fclose.o)
__sys_flen                                        c:/nxp/mcuxpressoide_11.0.1_2563/ide/plugins/com.nxp.mcuxpresso.tools.win32_11.0.1.201907311258/tools/bin/../lib/gcc/arm-none-eabi/8.2.1/../../../../arm-none-eabi/lib/thumb/v6-m/nofp\libcr_semihost_nf.a(__sys_flen.o)
                                                  c:/nxp/mcuxpressoide_11.0.1_2563/ide/plugins/com.nxp.mcuxpresso.tools.win32_11.0.1.201907311258/tools/bin/../lib/gcc/arm-none-eabi/8.2.1/../../../../arm-none-eabi/lib/thumb/v6-m/nofp\libcr_c.a(fseek.o)
                                                  c:/nxp/mcuxpressoide_11.0.1_2563/ide/plugins/com.nxp.mcuxpresso.tools.win32_11.0.1.201907311258/tools/bin/../lib/gcc/arm-none-eabi/8.2.1/../../../../arm-none-eabi/lib/thumb/v6-m/nofp\libcr_c.a(_writebuf.o)
__sys_istty                                       c:/nxp/mcuxpressoide_11.0.1_2563/ide/plugins/com.nxp.mcuxpresso.tools.win32_11.0.1.201907311258/tools/bin/../lib/gcc/arm-none-eabi/8.2.1/../../../../arm-none-eabi/lib/thumb/v6-m/nofp\libcr_semihost_nf.a(__sys_istty.o)
                                                  c:/nxp/mcuxpressoide_11.0.1_2563/ide/plugins/com.nxp.mcuxpresso.tools.win32_11.0.1.201907311258/tools/bin/../lib/gcc/arm-none-eabi/8.2.1/../../../../arm-none-eabi/lib/thumb/v6-m/nofp\libcr_c.a(fseek.o)
                                                  c:/nxp/mcuxpressoide_11.0.1_2563/ide/plugins/com.nxp.mcuxpresso.tools.win32_11.0.1.201907311258/tools/bin/../lib/gcc/arm-none-eabi/8.2.1/../../../../arm-none-eabi/lib/thumb/v6-m/nofp\libcr_c.a(_deferredlazyseek.o)
__sys_remove                                      c:/nxp/mcuxpressoide_11.0.1_2563/ide/plugins/com.nxp.mcuxpresso.tools.win32_11.0.1.201907311258/tools/bin/../lib/gcc/arm-none-eabi/8.2.1/../../../../arm-none-eabi/lib/thumb/v6-m/nofp\libcr_semihost_nf.a(__sys_remove.o)
                                                  c:/nxp/mcuxpressoide_11.0.1_2563/ide/plugins/com.nxp.mcuxpresso.tools.win32_11.0.1.201907311258/tools/bin/../lib/gcc/arm-none-eabi/8.2.1/../../../../arm-none-eabi/lib/thumb/v6-m/nofp\libcr_c.a(remove.o)
__sys_rename                                      c:/nxp/mcuxpressoide_11.0.1_2563/ide/plugins/com.nxp.mcuxpresso.tools.win32_11.0.1.201907311258/tools/bin/../lib/gcc/arm-none-eabi/8.2.1/../../../../arm-none-eabi/lib/thumb/v6-m/nofp\libcr_semihost_nf.a(__sys_rename.o)
                                                  c:/nxp/mcuxpressoide_11.0.1_2563/ide/plugins/com.nxp.mcuxpresso.tools.win32_11.0.1.201907311258/tools/bin/../lib/gcc/arm-none-eabi/8.2.1/../../../../arm-none-eabi/lib/thumb/v6-m/nofp\libcr_c.a(remove.o)
__sys_seek                                        c:/nxp/mcuxpressoide_11.0.1_2563/ide/plugins/com.nxp.mcuxpresso.tools.win32_11.0.1.201907311258/tools/bin/../lib/gcc/arm-none-eabi/8.2.1/../../../../arm-none-eabi/lib/thumb/v6-m/nofp\libcr_semihost_nf.a(__sys_seek.o)
                                                  c:/nxp/mcuxpressoide_11.0.1_2563/ide/plugins/com.nxp.mcuxpresso.tools.win32_11.0.1.201907311258/tools/bin/../lib/gcc/arm-none-eabi/8.2.1/../../../../arm-none-eabi/lib/thumb/v6-m/nofp\libcr_c.a(_writebuf.o)
__sys_tmpnam                                      c:/nxp/mcuxpressoide_11.0.1_2563/ide/plugins/com.nxp.mcuxpresso.tools.win32_11.0.1.201907311258/tools/bin/../lib/gcc/arm-none-eabi/8.2.1/../../../../arm-none-eabi/lib/thumb/v6-m/nofp\libcr_semihost_nf.a(__sys_tmpnam.o)
                                                  c:/nxp/mcuxpressoide_11.0.1_2563/ide/plugins/com.nxp.mcuxpresso.tools.win32_11.0.1.201907311258/tools/bin/../lib/gcc/arm-none-eabi/8.2.1/../../../../arm-none-eabi/lib/thumb/v6-m/nofp\libcr_c.a(fclose.o)
__sys_write                                       c:/nxp/mcuxpressoide_11.0.1_2563/ide/plugins/com.nxp.mcuxpresso.tools.win32_11.0.1.201907311258/tools/bin/../lib/gcc/arm-none-eabi/8.2.1/../../../../arm-none-eabi/lib/thumb/v6-m/nofp\libcr_semihost_nf.a(__sys_write.o)
                                                  c:/nxp/mcuxpressoide_11.0.1_2563/ide/plugins/com.nxp.mcuxpresso.tools.win32_11.0.1.201907311258/tools/bin/../lib/gcc/arm-none-eabi/8.2.1/../../../../arm-none-eabi/lib/thumb/v6-m/nofp\libcr_c.a(alloc.o)
                                                  c:/nxp/mcuxpressoide_11.0.1_2563/ide/plugins/com.nxp.mcuxpresso.tools.win32_11.0.1.201907311258/tools/bin/../lib/gcc/arm-none-eabi/8.2.1/../../../../arm-none-eabi/lib/thumb/v6-m/nofp\libcr_c.a(_writebuf.o)
_deferredlazyseek                                 c:/nxp/mcuxpressoide_11.0.1_2563/ide/plugins/com.nxp.mcuxpresso.tools.win32_11.0.1.201907311258/tools/bin/../lib/gcc/arm-none-eabi/8.2.1/../../../../arm-none-eabi/lib/thumb/v6-m/nofp\libcr_c.a(_deferredlazyseek.o)
                                                  c:/nxp/mcuxpressoide_11.0.1_2563/ide/plugins/com.nxp.mcuxpresso.tools.win32_11.0.1.201907311258/tools/bin/../lib/gcc/arm-none-eabi/8.2.1/../../../../arm-none-eabi/lib/thumb/v6-m/nofp\libcr_c.a(_do_fflush.o)
_do_fflush                                        c:/nxp/mcuxpressoide_11.0.1_2563/ide/plugins/com.nxp.mcuxpresso.tools.win32_11.0.1.201907311258/tools/bin/../lib/gcc/arm-none-eabi/8.2.1/../../../../arm-none-eabi/lib/thumb/v6-m/nofp\libcr_c.a(_do_fflush.o)
                                                  c:/nxp/mcuxpressoide_11.0.1_2563/ide/plugins/com.nxp.mcuxpresso.tools.win32_11.0.1.201907311258/tools/bin/../lib/gcc/arm-none-eabi/8.2.1/../../../../arm-none-eabi/lib/thumb/v6-m/nofp\libcr_c.a(fflush.o)
_fdopen                                           c:/nxp/mcuxpressoide_11.0.1_2563/ide/plugins/com.nxp.mcuxpresso.tools.win32_11.0.1.201907311258/tools/bin/../lib/gcc/arm-none-eabi/8.2.1/../../../../arm-none-eabi/lib/thumb/v6-m/nofp\libcr_c.a(_fdopen.o)
                                                  c:/nxp/mcuxpressoide_11.0.1_2563/ide/plugins/com.nxp.mcuxpresso.tools.win32_11.0.1.201907311258/tools/bin/../lib/gcc/arm-none-eabi/8.2.1/../../../../arm-none-eabi/lib/thumb/v6-m/nofp\libcr_c.a(initio.o)
_fflush                                           c:/nxp/mcuxpressoide_11.0.1_2563/ide/plugins/com.nxp.mcuxpresso.tools.win32_11.0.1.201907311258/tools/bin/../lib/gcc/arm-none-eabi/8.2.1/../../../../arm-none-eabi/lib/thumb/v6-m/nofp\libcr_c.a(_fflush.o)
                                                  c:/nxp/mcuxpressoide_11.0.1_2563/ide/plugins/com.nxp.mcuxpresso.tools.win32_11.0.1.201907311258/tools/bin/../lib/gcc/arm-none-eabi/8.2.1/../../../../arm-none-eabi/lib/thumb/v6-m/nofp\libcr_c.a(_do_fflush.o)
                                                  c:/nxp/mcuxpressoide_11.0.1_2563/ide/plugins/com.nxp.mcuxpresso.tools.win32_11.0.1.201907311258/tools/bin/../lib/gcc/arm-none-eabi/8.2.1/../../../../arm-none-eabi/lib/thumb/v6-m/nofp\libcr_c.a(_deferredlazyseek.o)
_init_alloc                                       c:/nxp/mcuxpressoide_11.0.1_2563/ide/plugins/com.nxp.mcuxpresso.tools.win32_11.0.1.201907311258/tools/bin/../lib/gcc/arm-none-eabi/8.2.1/../../../../arm-none-eabi/lib/thumb/v6-m/nofp\libcr_c.a(__init_alloc.o)
_initio                                           c:/nxp/mcuxpressoide_11.0.1_2563/ide/plugins/com.nxp.mcuxpresso.tools.win32_11.0.1.201907311258/tools/bin/../lib/gcc/arm-none-eabi/8.2.1/../../../../arm-none-eabi/lib/thumb/v6-m/nofp\libcr_c.a(initio.o)